TimeQuest Timing Analyzer report for proce
Tue Feb 17 20:24:02 2015
Quartus II 64-Bit Version 14.1.0 Build 186 12/03/2014 SJ Web Edition


---------------------
; Table of Contents ;
---------------------
  1. Legal Notice
  2. TimeQuest Timing Analyzer Summary
  3. Parallel Compilation
  4. Clocks
  5. Slow 1200mV 85C Model Fmax Summary
  6. Timing Closure Recommendations
  7. Slow 1200mV 85C Model Setup Summary
  8. Slow 1200mV 85C Model Hold Summary
  9. Slow 1200mV 85C Model Recovery Summary
 10. Slow 1200mV 85C Model Removal Summary
 11. Slow 1200mV 85C Model Minimum Pulse Width Summary
 12. Slow 1200mV 85C Model Setup: 'KEY[1]'
 13. Slow 1200mV 85C Model Hold: 'KEY[1]'
 14. Slow 1200mV 85C Model Minimum Pulse Width: 'KEY[0]'
 15. Slow 1200mV 85C Model Minimum Pulse Width: 'KEY[1]'
 16. Setup Times
 17. Hold Times
 18. Clock to Output Times
 19. Minimum Clock to Output Times
 20. Slow 1200mV 85C Model Metastability Report
 21. Slow 1200mV 0C Model Fmax Summary
 22. Slow 1200mV 0C Model Setup Summary
 23. Slow 1200mV 0C Model Hold Summary
 24. Slow 1200mV 0C Model Recovery Summary
 25. Slow 1200mV 0C Model Removal Summary
 26. Slow 1200mV 0C Model Minimum Pulse Width Summary
 27. Slow 1200mV 0C Model Setup: 'KEY[1]'
 28. Slow 1200mV 0C Model Hold: 'KEY[1]'
 29. Slow 1200mV 0C Model Minimum Pulse Width: 'KEY[0]'
 30. Slow 1200mV 0C Model Minimum Pulse Width: 'KEY[1]'
 31. Setup Times
 32. Hold Times
 33. Clock to Output Times
 34. Minimum Clock to Output Times
 35. Slow 1200mV 0C Model Metastability Report
 36. Fast 1200mV 0C Model Setup Summary
 37. Fast 1200mV 0C Model Hold Summary
 38. Fast 1200mV 0C Model Recovery Summary
 39. Fast 1200mV 0C Model Removal Summary
 40. Fast 1200mV 0C Model Minimum Pulse Width Summary
 41. Fast 1200mV 0C Model Setup: 'KEY[1]'
 42. Fast 1200mV 0C Model Hold: 'KEY[1]'
 43. Fast 1200mV 0C Model Minimum Pulse Width: 'KEY[0]'
 44. Fast 1200mV 0C Model Minimum Pulse Width: 'KEY[1]'
 45. Setup Times
 46. Hold Times
 47. Clock to Output Times
 48. Minimum Clock to Output Times
 49. Fast 1200mV 0C Model Metastability Report
 50. Multicorner Timing Analysis Summary
 51. Setup Times
 52. Hold Times
 53. Clock to Output Times
 54. Minimum Clock to Output Times
 55. Board Trace Model Assignments
 56. Input Transition Times
 57. Signal Integrity Metrics (Slow 1200mv 0c Model)
 58. Signal Integrity Metrics (Slow 1200mv 85c Model)
 59. Signal Integrity Metrics (Fast 1200mv 0c Model)
 60. Setup Transfers
 61. Hold Transfers
 62. Report TCCS
 63. Report RSKM
 64. Unconstrained Paths
 65. TimeQuest Timing Analyzer Messages



----------------
; Legal Notice ;
----------------
Copyright (C) 1991-2014 Altera Corporation. All rights reserved.
Your use of Altera Corporation's design tools, logic functions 
and other software and tools, and its AMPP partner logic 
functions, and any output files from any of the foregoing 
(including device programming or simulation files), and any 
associated documentation or information are expressly subject 
to the terms and conditions of the Altera Program License 
Subscription Agreement, the Altera Quartus II License Agreement,
the Altera MegaCore Function License Agreement, or other 
applicable license agreement, including, without limitation, 
that your use is for the sole purpose of programming logic 
devices manufactured by Altera and sold by Altera or its 
authorized distributors.  Please refer to the applicable 
agreement for further details.



+-------------------------------------------------------------------------+
; TimeQuest Timing Analyzer Summary                                       ;
+--------------------+----------------------------------------------------+
; Quartus II Version ; Version 14.1.0 Build 186 12/03/2014 SJ Web Edition ;
; Revision Name      ; proce                                              ;
; Device Family      ; Cyclone IV E                                       ;
; Device Name        ; EP4CE22F17C6                                       ;
; Timing Models      ; Final                                              ;
; Delay Model        ; Combined                                           ;
; Rise/Fall Delays   ; Enabled                                            ;
+--------------------+----------------------------------------------------+


+------------------------------------------+
; Parallel Compilation                     ;
+----------------------------+-------------+
; Processors                 ; Number      ;
+----------------------------+-------------+
; Number detected on machine ; 12          ;
; Maximum allowed            ; 12          ;
;                            ;             ;
; Average used               ; 1.00        ;
; Maximum used               ; 12          ;
;                            ;             ;
; Usage by Processor         ; % Time Used ;
;     Processor 1            ; 100.0%      ;
;     Processors 2-12        ; < 0.1%      ;
+----------------------------+-------------+


+------------------------------------------------------------------------------------------------------------------------------------------------------------------------------------+
; Clocks                                                                                                                                                                             ;
+------------+------+--------+------------+-------+-------+------------+-----------+-------------+-------+--------+-----------+------------+----------+--------+--------+------------+
; Clock Name ; Type ; Period ; Frequency  ; Rise  ; Fall  ; Duty Cycle ; Divide by ; Multiply by ; Phase ; Offset ; Edge List ; Edge Shift ; Inverted ; Master ; Source ; Targets    ;
+------------+------+--------+------------+-------+-------+------------+-----------+-------------+-------+--------+-----------+------------+----------+--------+--------+------------+
; KEY[0]     ; Base ; 1.000  ; 1000.0 MHz ; 0.000 ; 0.500 ;            ;           ;             ;       ;        ;           ;            ;          ;        ;        ; { KEY[0] } ;
; KEY[1]     ; Base ; 1.000  ; 1000.0 MHz ; 0.000 ; 0.500 ;            ;           ;             ;       ;        ;           ;            ;          ;        ;        ; { KEY[1] } ;
+------------+------+--------+------------+-------+-------+------------+-----------+-------------+-------+--------+-----------+------------+----------+--------+--------+------------+


--------------------------------------
; Slow 1200mV 85C Model Fmax Summary ;
--------------------------------------
No paths to report.


----------------------------------
; Timing Closure Recommendations ;
----------------------------------
HTML report is unavailable in plain text report export.


+-------------------------------------+
; Slow 1200mV 85C Model Setup Summary ;
+--------+--------+-------------------+
; Clock  ; Slack  ; End Point TNS     ;
+--------+--------+-------------------+
; KEY[1] ; -0.206 ; -0.380            ;
+--------+--------+-------------------+


+------------------------------------+
; Slow 1200mV 85C Model Hold Summary ;
+--------+-------+-------------------+
; Clock  ; Slack ; End Point TNS     ;
+--------+-------+-------------------+
; KEY[1] ; 0.454 ; 0.000             ;
+--------+-------+-------------------+


------------------------------------------
; Slow 1200mV 85C Model Recovery Summary ;
------------------------------------------
No paths to report.


-----------------------------------------
; Slow 1200mV 85C Model Removal Summary ;
-----------------------------------------
No paths to report.


+---------------------------------------------------+
; Slow 1200mV 85C Model Minimum Pulse Width Summary ;
+--------+--------+---------------------------------+
; Clock  ; Slack  ; End Point TNS                   ;
+--------+--------+---------------------------------+
; KEY[0] ; -3.000 ; -7.000                          ;
; KEY[1] ; -3.000 ; -5.000                          ;
+--------+--------+---------------------------------+


+--------------------------------------------------------------------------------------------------------+
; Slow 1200mV 85C Model Setup: 'KEY[1]'                                                                  ;
+--------+-----------+-------------+--------------+-------------+--------------+------------+------------+
; Slack  ; From Node ; To Node     ; Launch Clock ; Latch Clock ; Relationship ; Clock Skew ; Data Delay ;
+--------+-----------+-------------+--------------+-------------+--------------+------------+------------+
; -0.206 ; B[0]      ; LED[0]~reg0 ; KEY[0]       ; KEY[1]      ; 1.000        ; 0.552      ; 1.743      ;
; -0.174 ; B[0]      ; LED[1]~reg0 ; KEY[0]       ; KEY[1]      ; 1.000        ; 0.552      ; 1.711      ;
; -0.071 ; A[0]      ; LED[0]~reg0 ; KEY[0]       ; KEY[1]      ; 1.000        ; 0.552      ; 1.608      ;
; -0.011 ; A[1]      ; LED[1]~reg0 ; KEY[0]       ; KEY[1]      ; 1.000        ; 0.552      ; 1.548      ;
; -0.007 ; B[1]      ; LED[1]~reg0 ; KEY[0]       ; KEY[1]      ; 1.000        ; 0.552      ; 1.544      ;
; 0.062  ; A[0]      ; LED[1]~reg0 ; KEY[0]       ; KEY[1]      ; 1.000        ; 0.552      ; 1.475      ;
+--------+-----------+-------------+--------------+-------------+--------------+------------+------------+


+-------------------------------------------------------------------------------------------------------+
; Slow 1200mV 85C Model Hold: 'KEY[1]'                                                                  ;
+-------+-----------+-------------+--------------+-------------+--------------+------------+------------+
; Slack ; From Node ; To Node     ; Launch Clock ; Latch Clock ; Relationship ; Clock Skew ; Data Delay ;
+-------+-----------+-------------+--------------+-------------+--------------+------------+------------+
; 0.454 ; A[0]      ; LED[1]~reg0 ; KEY[0]       ; KEY[1]      ; 0.000        ; 0.702      ; 1.343      ;
; 0.457 ; A[1]      ; LED[1]~reg0 ; KEY[0]       ; KEY[1]      ; 0.000        ; 0.702      ; 1.346      ;
; 0.474 ; B[0]      ; LED[0]~reg0 ; KEY[0]       ; KEY[1]      ; 0.000        ; 0.702      ; 1.363      ;
; 0.524 ; B[1]      ; LED[1]~reg0 ; KEY[0]       ; KEY[1]      ; 0.000        ; 0.702      ; 1.413      ;
; 0.623 ; A[0]      ; LED[0]~reg0 ; KEY[0]       ; KEY[1]      ; 0.000        ; 0.702      ; 1.512      ;
; 0.631 ; B[0]      ; LED[1]~reg0 ; KEY[0]       ; KEY[1]      ; 0.000        ; 0.702      ; 1.520      ;
+-------+-----------+-------------+--------------+-------------+--------------+------------+------------+


+--------------------------------------------------------------------------------------------------+
; Slow 1200mV 85C Model Minimum Pulse Width: 'KEY[0]'                                              ;
+--------+--------------+----------------+------------------+--------+------------+----------------+
; Slack  ; Actual Width ; Required Width ; Type             ; Clock  ; Clock Edge ; Target         ;
+--------+--------------+----------------+------------------+--------+------------+----------------+
; -3.000 ; 1.000        ; 4.000          ; Port Rate        ; KEY[0] ; Rise       ; KEY[0]         ;
; -1.000 ; 1.000        ; 2.000          ; Min Period       ; KEY[0] ; Rise       ; A[0]           ;
; -1.000 ; 1.000        ; 2.000          ; Min Period       ; KEY[0] ; Rise       ; A[1]           ;
; -1.000 ; 1.000        ; 2.000          ; Min Period       ; KEY[0] ; Rise       ; B[0]           ;
; -1.000 ; 1.000        ; 2.000          ; Min Period       ; KEY[0] ; Rise       ; B[1]           ;
; 0.186  ; 0.370        ; 0.184          ; Low Pulse Width  ; KEY[0] ; Rise       ; A[0]           ;
; 0.186  ; 0.370        ; 0.184          ; Low Pulse Width  ; KEY[0] ; Rise       ; A[1]           ;
; 0.186  ; 0.370        ; 0.184          ; Low Pulse Width  ; KEY[0] ; Rise       ; B[0]           ;
; 0.186  ; 0.370        ; 0.184          ; Low Pulse Width  ; KEY[0] ; Rise       ; B[1]           ;
; 0.335  ; 0.335        ; 0.000          ; Low Pulse Width  ; KEY[0] ; Rise       ; KEY[0]~input|o ;
; 0.346  ; 0.346        ; 0.000          ; Low Pulse Width  ; KEY[0] ; Rise       ; A[0]|clk       ;
; 0.346  ; 0.346        ; 0.000          ; Low Pulse Width  ; KEY[0] ; Rise       ; A[1]|clk       ;
; 0.346  ; 0.346        ; 0.000          ; Low Pulse Width  ; KEY[0] ; Rise       ; B[0]|clk       ;
; 0.346  ; 0.346        ; 0.000          ; Low Pulse Width  ; KEY[0] ; Rise       ; B[1]|clk       ;
; 0.413  ; 0.629        ; 0.216          ; High Pulse Width ; KEY[0] ; Rise       ; A[0]           ;
; 0.413  ; 0.629        ; 0.216          ; High Pulse Width ; KEY[0] ; Rise       ; A[1]           ;
; 0.413  ; 0.629        ; 0.216          ; High Pulse Width ; KEY[0] ; Rise       ; B[0]           ;
; 0.413  ; 0.629        ; 0.216          ; High Pulse Width ; KEY[0] ; Rise       ; B[1]           ;
; 0.500  ; 0.500        ; 0.000          ; High Pulse Width ; KEY[0] ; Rise       ; KEY[0]~input|i ;
; 0.500  ; 0.500        ; 0.000          ; Low Pulse Width  ; KEY[0] ; Rise       ; KEY[0]~input|i ;
; 0.651  ; 0.651        ; 0.000          ; High Pulse Width ; KEY[0] ; Rise       ; A[0]|clk       ;
; 0.651  ; 0.651        ; 0.000          ; High Pulse Width ; KEY[0] ; Rise       ; A[1]|clk       ;
; 0.651  ; 0.651        ; 0.000          ; High Pulse Width ; KEY[0] ; Rise       ; B[0]|clk       ;
; 0.651  ; 0.651        ; 0.000          ; High Pulse Width ; KEY[0] ; Rise       ; B[1]|clk       ;
; 0.665  ; 0.665        ; 0.000          ; High Pulse Width ; KEY[0] ; Rise       ; KEY[0]~input|o ;
+--------+--------------+----------------+------------------+--------+------------+----------------+


+----------------------------------------------------------------------------------------------------------------+
; Slow 1200mV 85C Model Minimum Pulse Width: 'KEY[1]'                                                            ;
+--------+--------------+----------------+------------------+--------+------------+------------------------------+
; Slack  ; Actual Width ; Required Width ; Type             ; Clock  ; Clock Edge ; Target                       ;
+--------+--------------+----------------+------------------+--------+------------+------------------------------+
; -3.000 ; 1.000        ; 4.000          ; Port Rate        ; KEY[1] ; Rise       ; KEY[1]                       ;
; -1.000 ; 1.000        ; 2.000          ; Min Period       ; KEY[1] ; Rise       ; LED[0]~reg0                  ;
; -1.000 ; 1.000        ; 2.000          ; Min Period       ; KEY[1] ; Rise       ; LED[1]~reg0                  ;
; 0.181  ; 0.365        ; 0.184          ; Low Pulse Width  ; KEY[1] ; Rise       ; LED[0]~reg0                  ;
; 0.181  ; 0.365        ; 0.184          ; Low Pulse Width  ; KEY[1] ; Rise       ; LED[1]~reg0                  ;
; 0.335  ; 0.335        ; 0.000          ; Low Pulse Width  ; KEY[1] ; Rise       ; KEY[1]~input|o               ;
; 0.343  ; 0.343        ; 0.000          ; Low Pulse Width  ; KEY[1] ; Rise       ; LED[0]~reg0|clk              ;
; 0.343  ; 0.343        ; 0.000          ; Low Pulse Width  ; KEY[1] ; Rise       ; LED[1]~reg0|clk              ;
; 0.351  ; 0.351        ; 0.000          ; Low Pulse Width  ; KEY[1] ; Rise       ; KEY[1]~inputclkctrl|inclk[0] ;
; 0.351  ; 0.351        ; 0.000          ; Low Pulse Width  ; KEY[1] ; Rise       ; KEY[1]~inputclkctrl|outclk   ;
; 0.417  ; 0.633        ; 0.216          ; High Pulse Width ; KEY[1] ; Rise       ; LED[0]~reg0                  ;
; 0.417  ; 0.633        ; 0.216          ; High Pulse Width ; KEY[1] ; Rise       ; LED[1]~reg0                  ;
; 0.500  ; 0.500        ; 0.000          ; High Pulse Width ; KEY[1] ; Rise       ; KEY[1]~input|i               ;
; 0.500  ; 0.500        ; 0.000          ; Low Pulse Width  ; KEY[1] ; Rise       ; KEY[1]~input|i               ;
; 0.649  ; 0.649        ; 0.000          ; High Pulse Width ; KEY[1] ; Rise       ; KEY[1]~inputclkctrl|inclk[0] ;
; 0.649  ; 0.649        ; 0.000          ; High Pulse Width ; KEY[1] ; Rise       ; KEY[1]~inputclkctrl|outclk   ;
; 0.657  ; 0.657        ; 0.000          ; High Pulse Width ; KEY[1] ; Rise       ; LED[0]~reg0|clk              ;
; 0.657  ; 0.657        ; 0.000          ; High Pulse Width ; KEY[1] ; Rise       ; LED[1]~reg0|clk              ;
; 0.665  ; 0.665        ; 0.000          ; High Pulse Width ; KEY[1] ; Rise       ; KEY[1]~input|o               ;
+--------+--------------+----------------+------------------+--------+------------+------------------------------+


+-----------------------------------------------------------------------+
; Setup Times                                                           ;
+-----------+------------+-------+-------+------------+-----------------+
; Data Port ; Clock Port ; Rise  ; Fall  ; Clock Edge ; Clock Reference ;
+-----------+------------+-------+-------+------------+-----------------+
; SW[*]     ; KEY[0]     ; 0.768 ; 0.882 ; Rise       ; KEY[0]          ;
;  SW[0]    ; KEY[0]     ; 0.768 ; 0.882 ; Rise       ; KEY[0]          ;
;  SW[1]    ; KEY[0]     ; 0.685 ; 0.752 ; Rise       ; KEY[0]          ;
;  SW[2]    ; KEY[0]     ; 0.748 ; 0.834 ; Rise       ; KEY[0]          ;
;  SW[3]    ; KEY[0]     ; 0.054 ; 0.191 ; Rise       ; KEY[0]          ;
; SW[*]     ; KEY[1]     ; 1.482 ; 1.511 ; Rise       ; KEY[1]          ;
;  SW[1]    ; KEY[1]     ; 1.201 ; 1.302 ; Rise       ; KEY[1]          ;
;  SW[2]    ; KEY[1]     ; 1.482 ; 1.511 ; Rise       ; KEY[1]          ;
;  SW[3]    ; KEY[1]     ; 0.510 ; 0.598 ; Rise       ; KEY[1]          ;
+-----------+------------+-------+-------+------------+-----------------+


+-------------------------------------------------------------------------+
; Hold Times                                                              ;
+-----------+------------+--------+--------+------------+-----------------+
; Data Port ; Clock Port ; Rise   ; Fall   ; Clock Edge ; Clock Reference ;
+-----------+------------+--------+--------+------------+-----------------+
; SW[*]     ; KEY[0]     ; 0.195  ; 0.058  ; Rise       ; KEY[0]          ;
;  SW[0]    ; KEY[0]     ; -0.478 ; -0.584 ; Rise       ; KEY[0]          ;
;  SW[1]    ; KEY[0]     ; -0.410 ; -0.481 ; Rise       ; KEY[0]          ;
;  SW[2]    ; KEY[0]     ; -0.459 ; -0.538 ; Rise       ; KEY[0]          ;
;  SW[3]    ; KEY[0]     ; 0.195  ; 0.058  ; Rise       ; KEY[0]          ;
; SW[*]     ; KEY[1]     ; 0.310  ; 0.195  ; Rise       ; KEY[1]          ;
;  SW[1]    ; KEY[1]     ; -0.591 ; -0.627 ; Rise       ; KEY[1]          ;
;  SW[2]    ; KEY[1]     ; -0.661 ; -0.730 ; Rise       ; KEY[1]          ;
;  SW[3]    ; KEY[1]     ; 0.310  ; 0.195  ; Rise       ; KEY[1]          ;
+-----------+------------+--------+--------+------------+-----------------+


+-----------------------------------------------------------------------+
; Clock to Output Times                                                 ;
+-----------+------------+-------+-------+------------+-----------------+
; Data Port ; Clock Port ; Rise  ; Fall  ; Clock Edge ; Clock Reference ;
+-----------+------------+-------+-------+------------+-----------------+
; LED[*]    ; KEY[1]     ; 6.507 ; 6.616 ; Rise       ; KEY[1]          ;
;  LED[0]   ; KEY[1]     ; 6.507 ; 6.616 ; Rise       ; KEY[1]          ;
;  LED[1]   ; KEY[1]     ; 6.389 ; 6.438 ; Rise       ; KEY[1]          ;
+-----------+------------+-------+-------+------------+-----------------+


+-----------------------------------------------------------------------+
; Minimum Clock to Output Times                                         ;
+-----------+------------+-------+-------+------------+-----------------+
; Data Port ; Clock Port ; Rise  ; Fall  ; Clock Edge ; Clock Reference ;
+-----------+------------+-------+-------+------------+-----------------+
; LED[*]    ; KEY[1]     ; 6.176 ; 6.221 ; Rise       ; KEY[1]          ;
;  LED[0]   ; KEY[1]     ; 6.289 ; 6.392 ; Rise       ; KEY[1]          ;
;  LED[1]   ; KEY[1]     ; 6.176 ; 6.221 ; Rise       ; KEY[1]          ;
+-----------+------------+-------+-------+------------+-----------------+


----------------------------------------------
; Slow 1200mV 85C Model Metastability Report ;
----------------------------------------------
No synchronizer chains to report.


-------------------------------------
; Slow 1200mV 0C Model Fmax Summary ;
-------------------------------------
No paths to report.


+------------------------------------+
; Slow 1200mV 0C Model Setup Summary ;
+--------+--------+------------------+
; Clock  ; Slack  ; End Point TNS    ;
+--------+--------+------------------+
; KEY[1] ; -0.118 ; -0.205           ;
+--------+--------+------------------+


+-----------------------------------+
; Slow 1200mV 0C Model Hold Summary ;
+--------+-------+------------------+
; Clock  ; Slack ; End Point TNS    ;
+--------+-------+------------------+
; KEY[1] ; 0.460 ; 0.000            ;
+--------+-------+------------------+


-----------------------------------------
; Slow 1200mV 0C Model Recovery Summary ;
-----------------------------------------
No paths to report.


----------------------------------------
; Slow 1200mV 0C Model Removal Summary ;
----------------------------------------
No paths to report.


+--------------------------------------------------+
; Slow 1200mV 0C Model Minimum Pulse Width Summary ;
+--------+--------+--------------------------------+
; Clock  ; Slack  ; End Point TNS                  ;
+--------+--------+--------------------------------+
; KEY[0] ; -3.000 ; -7.000                         ;
; KEY[1] ; -3.000 ; -5.000                         ;
+--------+--------+--------------------------------+


+--------------------------------------------------------------------------------------------------------+
; Slow 1200mV 0C Model Setup: 'KEY[1]'                                                                   ;
+--------+-----------+-------------+--------------+-------------+--------------+------------+------------+
; Slack  ; From Node ; To Node     ; Launch Clock ; Latch Clock ; Relationship ; Clock Skew ; Data Delay ;
+--------+-----------+-------------+--------------+-------------+--------------+------------+------------+
; -0.118 ; B[0]      ; LED[0]~reg0 ; KEY[0]       ; KEY[1]      ; 1.000        ; 0.456      ; 1.559      ;
; -0.087 ; B[0]      ; LED[1]~reg0 ; KEY[0]       ; KEY[1]      ; 1.000        ; 0.456      ; 1.528      ;
; -0.008 ; A[0]      ; LED[0]~reg0 ; KEY[0]       ; KEY[1]      ; 1.000        ; 0.456      ; 1.449      ;
; 0.058  ; A[1]      ; LED[1]~reg0 ; KEY[0]       ; KEY[1]      ; 1.000        ; 0.456      ; 1.383      ;
; 0.058  ; B[1]      ; LED[1]~reg0 ; KEY[0]       ; KEY[1]      ; 1.000        ; 0.456      ; 1.383      ;
; 0.121  ; A[0]      ; LED[1]~reg0 ; KEY[0]       ; KEY[1]      ; 1.000        ; 0.456      ; 1.320      ;
+--------+-----------+-------------+--------------+-------------+--------------+------------+------------+


+-------------------------------------------------------------------------------------------------------+
; Slow 1200mV 0C Model Hold: 'KEY[1]'                                                                   ;
+-------+-----------+-------------+--------------+-------------+--------------+------------+------------+
; Slack ; From Node ; To Node     ; Launch Clock ; Latch Clock ; Relationship ; Clock Skew ; Data Delay ;
+-------+-----------+-------------+--------------+-------------+--------------+------------+------------+
; 0.460 ; A[0]      ; LED[1]~reg0 ; KEY[0]       ; KEY[1]      ; 0.000        ; 0.587      ; 1.221      ;
; 0.467 ; A[1]      ; LED[1]~reg0 ; KEY[0]       ; KEY[1]      ; 0.000        ; 0.587      ; 1.228      ;
; 0.477 ; B[0]      ; LED[0]~reg0 ; KEY[0]       ; KEY[1]      ; 0.000        ; 0.587      ; 1.238      ;
; 0.515 ; B[1]      ; LED[1]~reg0 ; KEY[0]       ; KEY[1]      ; 0.000        ; 0.587      ; 1.276      ;
; 0.612 ; A[0]      ; LED[0]~reg0 ; KEY[0]       ; KEY[1]      ; 0.000        ; 0.587      ; 1.373      ;
; 0.616 ; B[0]      ; LED[1]~reg0 ; KEY[0]       ; KEY[1]      ; 0.000        ; 0.587      ; 1.377      ;
+-------+-----------+-------------+--------------+-------------+--------------+------------+------------+


+--------------------------------------------------------------------------------------------------+
; Slow 1200mV 0C Model Minimum Pulse Width: 'KEY[0]'                                               ;
+--------+--------------+----------------+------------------+--------+------------+----------------+
; Slack  ; Actual Width ; Required Width ; Type             ; Clock  ; Clock Edge ; Target         ;
+--------+--------------+----------------+------------------+--------+------------+----------------+
; -3.000 ; 1.000        ; 4.000          ; Port Rate        ; KEY[0] ; Rise       ; KEY[0]         ;
; -1.000 ; 1.000        ; 2.000          ; Min Period       ; KEY[0] ; Rise       ; A[0]           ;
; -1.000 ; 1.000        ; 2.000          ; Min Period       ; KEY[0] ; Rise       ; A[1]           ;
; -1.000 ; 1.000        ; 2.000          ; Min Period       ; KEY[0] ; Rise       ; B[0]           ;
; -1.000 ; 1.000        ; 2.000          ; Min Period       ; KEY[0] ; Rise       ; B[1]           ;
; 0.230  ; 0.414        ; 0.184          ; Low Pulse Width  ; KEY[0] ; Rise       ; A[0]           ;
; 0.230  ; 0.414        ; 0.184          ; Low Pulse Width  ; KEY[0] ; Rise       ; A[1]           ;
; 0.230  ; 0.414        ; 0.184          ; Low Pulse Width  ; KEY[0] ; Rise       ; B[0]           ;
; 0.230  ; 0.414        ; 0.184          ; Low Pulse Width  ; KEY[0] ; Rise       ; B[1]           ;
; 0.358  ; 0.358        ; 0.000          ; Low Pulse Width  ; KEY[0] ; Rise       ; KEY[0]~input|o ;
; 0.369  ; 0.585        ; 0.216          ; High Pulse Width ; KEY[0] ; Rise       ; A[0]           ;
; 0.369  ; 0.585        ; 0.216          ; High Pulse Width ; KEY[0] ; Rise       ; A[1]           ;
; 0.369  ; 0.585        ; 0.216          ; High Pulse Width ; KEY[0] ; Rise       ; B[0]           ;
; 0.369  ; 0.585        ; 0.216          ; High Pulse Width ; KEY[0] ; Rise       ; B[1]           ;
; 0.390  ; 0.390        ; 0.000          ; Low Pulse Width  ; KEY[0] ; Rise       ; A[0]|clk       ;
; 0.390  ; 0.390        ; 0.000          ; Low Pulse Width  ; KEY[0] ; Rise       ; A[1]|clk       ;
; 0.390  ; 0.390        ; 0.000          ; Low Pulse Width  ; KEY[0] ; Rise       ; B[0]|clk       ;
; 0.390  ; 0.390        ; 0.000          ; Low Pulse Width  ; KEY[0] ; Rise       ; B[1]|clk       ;
; 0.500  ; 0.500        ; 0.000          ; High Pulse Width ; KEY[0] ; Rise       ; KEY[0]~input|i ;
; 0.500  ; 0.500        ; 0.000          ; Low Pulse Width  ; KEY[0] ; Rise       ; KEY[0]~input|i ;
; 0.609  ; 0.609        ; 0.000          ; High Pulse Width ; KEY[0] ; Rise       ; A[0]|clk       ;
; 0.609  ; 0.609        ; 0.000          ; High Pulse Width ; KEY[0] ; Rise       ; A[1]|clk       ;
; 0.609  ; 0.609        ; 0.000          ; High Pulse Width ; KEY[0] ; Rise       ; B[0]|clk       ;
; 0.609  ; 0.609        ; 0.000          ; High Pulse Width ; KEY[0] ; Rise       ; B[1]|clk       ;
; 0.642  ; 0.642        ; 0.000          ; High Pulse Width ; KEY[0] ; Rise       ; KEY[0]~input|o ;
+--------+--------------+----------------+------------------+--------+------------+----------------+


+----------------------------------------------------------------------------------------------------------------+
; Slow 1200mV 0C Model Minimum Pulse Width: 'KEY[1]'                                                             ;
+--------+--------------+----------------+------------------+--------+------------+------------------------------+
; Slack  ; Actual Width ; Required Width ; Type             ; Clock  ; Clock Edge ; Target                       ;
+--------+--------------+----------------+------------------+--------+------------+------------------------------+
; -3.000 ; 1.000        ; 4.000          ; Port Rate        ; KEY[1] ; Rise       ; KEY[1]                       ;
; -1.000 ; 1.000        ; 2.000          ; Min Period       ; KEY[1] ; Rise       ; LED[0]~reg0                  ;
; -1.000 ; 1.000        ; 2.000          ; Min Period       ; KEY[1] ; Rise       ; LED[1]~reg0                  ;
; 0.203  ; 0.387        ; 0.184          ; Low Pulse Width  ; KEY[1] ; Rise       ; LED[0]~reg0                  ;
; 0.203  ; 0.387        ; 0.184          ; Low Pulse Width  ; KEY[1] ; Rise       ; LED[1]~reg0                  ;
; 0.358  ; 0.358        ; 0.000          ; Low Pulse Width  ; KEY[1] ; Rise       ; KEY[1]~input|o               ;
; 0.363  ; 0.363        ; 0.000          ; Low Pulse Width  ; KEY[1] ; Rise       ; LED[0]~reg0|clk              ;
; 0.363  ; 0.363        ; 0.000          ; Low Pulse Width  ; KEY[1] ; Rise       ; LED[1]~reg0|clk              ;
; 0.367  ; 0.367        ; 0.000          ; Low Pulse Width  ; KEY[1] ; Rise       ; KEY[1]~inputclkctrl|inclk[0] ;
; 0.367  ; 0.367        ; 0.000          ; Low Pulse Width  ; KEY[1] ; Rise       ; KEY[1]~inputclkctrl|outclk   ;
; 0.397  ; 0.613        ; 0.216          ; High Pulse Width ; KEY[1] ; Rise       ; LED[0]~reg0                  ;
; 0.397  ; 0.613        ; 0.216          ; High Pulse Width ; KEY[1] ; Rise       ; LED[1]~reg0                  ;
; 0.500  ; 0.500        ; 0.000          ; High Pulse Width ; KEY[1] ; Rise       ; KEY[1]~input|i               ;
; 0.500  ; 0.500        ; 0.000          ; Low Pulse Width  ; KEY[1] ; Rise       ; KEY[1]~input|i               ;
; 0.633  ; 0.633        ; 0.000          ; High Pulse Width ; KEY[1] ; Rise       ; KEY[1]~inputclkctrl|inclk[0] ;
; 0.633  ; 0.633        ; 0.000          ; High Pulse Width ; KEY[1] ; Rise       ; KEY[1]~inputclkctrl|outclk   ;
; 0.637  ; 0.637        ; 0.000          ; High Pulse Width ; KEY[1] ; Rise       ; LED[0]~reg0|clk              ;
; 0.637  ; 0.637        ; 0.000          ; High Pulse Width ; KEY[1] ; Rise       ; LED[1]~reg0|clk              ;
; 0.642  ; 0.642        ; 0.000          ; High Pulse Width ; KEY[1] ; Rise       ; KEY[1]~input|o               ;
+--------+--------------+----------------+------------------+--------+------------+------------------------------+


+-----------------------------------------------------------------------+
; Setup Times                                                           ;
+-----------+------------+-------+-------+------------+-----------------+
; Data Port ; Clock Port ; Rise  ; Fall  ; Clock Edge ; Clock Reference ;
+-----------+------------+-------+-------+------------+-----------------+
; SW[*]     ; KEY[0]     ; 0.679 ; 0.801 ; Rise       ; KEY[0]          ;
;  SW[0]    ; KEY[0]     ; 0.679 ; 0.801 ; Rise       ; KEY[0]          ;
;  SW[1]    ; KEY[0]     ; 0.591 ; 0.686 ; Rise       ; KEY[0]          ;
;  SW[2]    ; KEY[0]     ; 0.651 ; 0.764 ; Rise       ; KEY[0]          ;
;  SW[3]    ; KEY[0]     ; 0.021 ; 0.152 ; Rise       ; KEY[0]          ;
; SW[*]     ; KEY[1]     ; 1.339 ; 1.432 ; Rise       ; KEY[1]          ;
;  SW[1]    ; KEY[1]     ; 1.103 ; 1.213 ; Rise       ; KEY[1]          ;
;  SW[2]    ; KEY[1]     ; 1.339 ; 1.432 ; Rise       ; KEY[1]          ;
;  SW[3]    ; KEY[1]     ; 0.467 ; 0.561 ; Rise       ; KEY[1]          ;
+-----------+------------+-------+-------+------------+-----------------+


+-------------------------------------------------------------------------+
; Hold Times                                                              ;
+-----------+------------+--------+--------+------------+-----------------+
; Data Port ; Clock Port ; Rise   ; Fall   ; Clock Edge ; Clock Reference ;
+-----------+------------+--------+--------+------------+-----------------+
; SW[*]     ; KEY[0]     ; 0.203  ; 0.071  ; Rise       ; KEY[0]          ;
;  SW[0]    ; KEY[0]     ; -0.419 ; -0.536 ; Rise       ; KEY[0]          ;
;  SW[1]    ; KEY[0]     ; -0.345 ; -0.442 ; Rise       ; KEY[0]          ;
;  SW[2]    ; KEY[0]     ; -0.392 ; -0.500 ; Rise       ; KEY[0]          ;
;  SW[3]    ; KEY[0]     ; 0.203  ; 0.071  ; Rise       ; KEY[0]          ;
; SW[*]     ; KEY[1]     ; 0.265  ; 0.149  ; Rise       ; KEY[1]          ;
;  SW[1]    ; KEY[1]     ; -0.547 ; -0.619 ; Rise       ; KEY[1]          ;
;  SW[2]    ; KEY[1]     ; -0.620 ; -0.734 ; Rise       ; KEY[1]          ;
;  SW[3]    ; KEY[1]     ; 0.265  ; 0.149  ; Rise       ; KEY[1]          ;
+-----------+------------+--------+--------+------------+-----------------+


+-----------------------------------------------------------------------+
; Clock to Output Times                                                 ;
+-----------+------------+-------+-------+------------+-----------------+
; Data Port ; Clock Port ; Rise  ; Fall  ; Clock Edge ; Clock Reference ;
+-----------+------------+-------+-------+------------+-----------------+
; LED[*]    ; KEY[1]     ; 5.857 ; 5.899 ; Rise       ; KEY[1]          ;
;  LED[0]   ; KEY[1]     ; 5.857 ; 5.899 ; Rise       ; KEY[1]          ;
;  LED[1]   ; KEY[1]     ; 5.752 ; 5.742 ; Rise       ; KEY[1]          ;
+-----------+------------+-------+-------+------------+-----------------+


+-----------------------------------------------------------------------+
; Minimum Clock to Output Times                                         ;
+-----------+------------+-------+-------+------------+-----------------+
; Data Port ; Clock Port ; Rise  ; Fall  ; Clock Edge ; Clock Reference ;
+-----------+------------+-------+-------+------------+-----------------+
; LED[*]    ; KEY[1]     ; 5.548 ; 5.538 ; Rise       ; KEY[1]          ;
;  LED[0]   ; KEY[1]     ; 5.649 ; 5.689 ; Rise       ; KEY[1]          ;
;  LED[1]   ; KEY[1]     ; 5.548 ; 5.538 ; Rise       ; KEY[1]          ;
+-----------+------------+-------+-------+------------+-----------------+


---------------------------------------------
; Slow 1200mV 0C Model Metastability Report ;
---------------------------------------------
No synchronizer chains to report.


+------------------------------------+
; Fast 1200mV 0C Model Setup Summary ;
+--------+-------+-------------------+
; Clock  ; Slack ; End Point TNS     ;
+--------+-------+-------------------+
; KEY[1] ; 0.406 ; 0.000             ;
+--------+-------+-------------------+


+-----------------------------------+
; Fast 1200mV 0C Model Hold Summary ;
+--------+-------+------------------+
; Clock  ; Slack ; End Point TNS    ;
+--------+-------+------------------+
; KEY[1] ; 0.122 ; 0.000            ;
+--------+-------+------------------+


-----------------------------------------
; Fast 1200mV 0C Model Recovery Summary ;
-----------------------------------------
No paths to report.


----------------------------------------
; Fast 1200mV 0C Model Removal Summary ;
----------------------------------------
No paths to report.


+--------------------------------------------------+
; Fast 1200mV 0C Model Minimum Pulse Width Summary ;
+--------+--------+--------------------------------+
; Clock  ; Slack  ; End Point TNS                  ;
+--------+--------+--------------------------------+
; KEY[0] ; -3.000 ; -7.300                         ;
; KEY[1] ; -3.000 ; -5.112                         ;
+--------+--------+--------------------------------+


+-------------------------------------------------------------------------------------------------------+
; Fast 1200mV 0C Model Setup: 'KEY[1]'                                                                  ;
+-------+-----------+-------------+--------------+-------------+--------------+------------+------------+
; Slack ; From Node ; To Node     ; Launch Clock ; Latch Clock ; Relationship ; Clock Skew ; Data Delay ;
+-------+-----------+-------------+--------------+-------------+--------------+------------+------------+
; 0.406 ; B[0]      ; LED[0]~reg0 ; KEY[0]       ; KEY[1]      ; 1.000        ; 0.380      ; 0.951      ;
; 0.426 ; B[0]      ; LED[1]~reg0 ; KEY[0]       ; KEY[1]      ; 1.000        ; 0.380      ; 0.931      ;
; 0.475 ; A[0]      ; LED[0]~reg0 ; KEY[0]       ; KEY[1]      ; 1.000        ; 0.380      ; 0.882      ;
; 0.513 ; A[1]      ; LED[1]~reg0 ; KEY[0]       ; KEY[1]      ; 1.000        ; 0.380      ; 0.844      ;
; 0.521 ; B[1]      ; LED[1]~reg0 ; KEY[0]       ; KEY[1]      ; 1.000        ; 0.380      ; 0.836      ;
; 0.562 ; A[0]      ; LED[1]~reg0 ; KEY[0]       ; KEY[1]      ; 1.000        ; 0.380      ; 0.795      ;
+-------+-----------+-------------+--------------+-------------+--------------+------------+------------+


+-------------------------------------------------------------------------------------------------------+
; Fast 1200mV 0C Model Hold: 'KEY[1]'                                                                   ;
+-------+-----------+-------------+--------------+-------------+--------------+------------+------------+
; Slack ; From Node ; To Node     ; Launch Clock ; Latch Clock ; Relationship ; Clock Skew ; Data Delay ;
+-------+-----------+-------------+--------------+-------------+--------------+------------+------------+
; 0.122 ; A[0]      ; LED[1]~reg0 ; KEY[0]       ; KEY[1]      ; 0.000        ; 0.469      ; 0.705      ;
; 0.127 ; A[1]      ; LED[1]~reg0 ; KEY[0]       ; KEY[1]      ; 0.000        ; 0.469      ; 0.710      ;
; 0.137 ; B[0]      ; LED[0]~reg0 ; KEY[0]       ; KEY[1]      ; 0.000        ; 0.469      ; 0.720      ;
; 0.165 ; B[1]      ; LED[1]~reg0 ; KEY[0]       ; KEY[1]      ; 0.000        ; 0.469      ; 0.748      ;
; 0.196 ; A[0]      ; LED[0]~reg0 ; KEY[0]       ; KEY[1]      ; 0.000        ; 0.469      ; 0.779      ;
; 0.222 ; B[0]      ; LED[1]~reg0 ; KEY[0]       ; KEY[1]      ; 0.000        ; 0.469      ; 0.805      ;
+-------+-----------+-------------+--------------+-------------+--------------+------------+------------+


+--------------------------------------------------------------------------------------------------+
; Fast 1200mV 0C Model Minimum Pulse Width: 'KEY[0]'                                               ;
+--------+--------------+----------------+------------------+--------+------------+----------------+
; Slack  ; Actual Width ; Required Width ; Type             ; Clock  ; Clock Edge ; Target         ;
+--------+--------------+----------------+------------------+--------+------------+----------------+
; -3.000 ; 1.000        ; 4.000          ; Port Rate        ; KEY[0] ; Rise       ; KEY[0]         ;
; -1.000 ; 1.000        ; 2.000          ; Min Period       ; KEY[0] ; Rise       ; A[0]           ;
; -1.000 ; 1.000        ; 2.000          ; Min Period       ; KEY[0] ; Rise       ; A[1]           ;
; -1.000 ; 1.000        ; 2.000          ; Min Period       ; KEY[0] ; Rise       ; B[0]           ;
; -1.000 ; 1.000        ; 2.000          ; Min Period       ; KEY[0] ; Rise       ; B[1]           ;
; -0.075 ; 0.109        ; 0.184          ; Low Pulse Width  ; KEY[0] ; Rise       ; A[0]           ;
; -0.075 ; 0.109        ; 0.184          ; Low Pulse Width  ; KEY[0] ; Rise       ; A[1]           ;
; -0.075 ; 0.109        ; 0.184          ; Low Pulse Width  ; KEY[0] ; Rise       ; B[0]           ;
; -0.075 ; 0.109        ; 0.184          ; Low Pulse Width  ; KEY[0] ; Rise       ; B[1]           ;
; 0.103  ; 0.103        ; 0.000          ; Low Pulse Width  ; KEY[0] ; Rise       ; A[0]|clk       ;
; 0.103  ; 0.103        ; 0.000          ; Low Pulse Width  ; KEY[0] ; Rise       ; A[1]|clk       ;
; 0.103  ; 0.103        ; 0.000          ; Low Pulse Width  ; KEY[0] ; Rise       ; B[0]|clk       ;
; 0.103  ; 0.103        ; 0.000          ; Low Pulse Width  ; KEY[0] ; Rise       ; B[1]|clk       ;
; 0.120  ; 0.120        ; 0.000          ; Low Pulse Width  ; KEY[0] ; Rise       ; KEY[0]~input|o ;
; 0.500  ; 0.500        ; 0.000          ; High Pulse Width ; KEY[0] ; Rise       ; KEY[0]~input|i ;
; 0.500  ; 0.500        ; 0.000          ; Low Pulse Width  ; KEY[0] ; Rise       ; KEY[0]~input|i ;
; 0.675  ; 0.891        ; 0.216          ; High Pulse Width ; KEY[0] ; Rise       ; A[0]           ;
; 0.675  ; 0.891        ; 0.216          ; High Pulse Width ; KEY[0] ; Rise       ; A[1]           ;
; 0.675  ; 0.891        ; 0.216          ; High Pulse Width ; KEY[0] ; Rise       ; B[0]           ;
; 0.675  ; 0.891        ; 0.216          ; High Pulse Width ; KEY[0] ; Rise       ; B[1]           ;
; 0.880  ; 0.880        ; 0.000          ; High Pulse Width ; KEY[0] ; Rise       ; KEY[0]~input|o ;
; 0.895  ; 0.895        ; 0.000          ; High Pulse Width ; KEY[0] ; Rise       ; A[0]|clk       ;
; 0.895  ; 0.895        ; 0.000          ; High Pulse Width ; KEY[0] ; Rise       ; A[1]|clk       ;
; 0.895  ; 0.895        ; 0.000          ; High Pulse Width ; KEY[0] ; Rise       ; B[0]|clk       ;
; 0.895  ; 0.895        ; 0.000          ; High Pulse Width ; KEY[0] ; Rise       ; B[1]|clk       ;
+--------+--------------+----------------+------------------+--------+------------+----------------+


+----------------------------------------------------------------------------------------------------------------+
; Fast 1200mV 0C Model Minimum Pulse Width: 'KEY[1]'                                                             ;
+--------+--------------+----------------+------------------+--------+------------+------------------------------+
; Slack  ; Actual Width ; Required Width ; Type             ; Clock  ; Clock Edge ; Target                       ;
+--------+--------------+----------------+------------------+--------+------------+------------------------------+
; -3.000 ; 1.000        ; 4.000          ; Port Rate        ; KEY[1] ; Rise       ; KEY[1]                       ;
; -1.000 ; 1.000        ; 2.000          ; Min Period       ; KEY[1] ; Rise       ; LED[0]~reg0                  ;
; -1.000 ; 1.000        ; 2.000          ; Min Period       ; KEY[1] ; Rise       ; LED[1]~reg0                  ;
; -0.056 ; 0.128        ; 0.184          ; Low Pulse Width  ; KEY[1] ; Rise       ; LED[0]~reg0                  ;
; -0.056 ; 0.128        ; 0.184          ; Low Pulse Width  ; KEY[1] ; Rise       ; LED[1]~reg0                  ;
; 0.120  ; 0.120        ; 0.000          ; Low Pulse Width  ; KEY[1] ; Rise       ; KEY[1]~input|o               ;
; 0.123  ; 0.123        ; 0.000          ; Low Pulse Width  ; KEY[1] ; Rise       ; LED[0]~reg0|clk              ;
; 0.123  ; 0.123        ; 0.000          ; Low Pulse Width  ; KEY[1] ; Rise       ; LED[1]~reg0|clk              ;
; 0.132  ; 0.132        ; 0.000          ; Low Pulse Width  ; KEY[1] ; Rise       ; KEY[1]~inputclkctrl|inclk[0] ;
; 0.132  ; 0.132        ; 0.000          ; Low Pulse Width  ; KEY[1] ; Rise       ; KEY[1]~inputclkctrl|outclk   ;
; 0.500  ; 0.500        ; 0.000          ; High Pulse Width ; KEY[1] ; Rise       ; KEY[1]~input|i               ;
; 0.500  ; 0.500        ; 0.000          ; Low Pulse Width  ; KEY[1] ; Rise       ; KEY[1]~input|i               ;
; 0.655  ; 0.871        ; 0.216          ; High Pulse Width ; KEY[1] ; Rise       ; LED[0]~reg0                  ;
; 0.655  ; 0.871        ; 0.216          ; High Pulse Width ; KEY[1] ; Rise       ; LED[1]~reg0                  ;
; 0.867  ; 0.867        ; 0.000          ; High Pulse Width ; KEY[1] ; Rise       ; KEY[1]~inputclkctrl|inclk[0] ;
; 0.867  ; 0.867        ; 0.000          ; High Pulse Width ; KEY[1] ; Rise       ; KEY[1]~inputclkctrl|outclk   ;
; 0.876  ; 0.876        ; 0.000          ; High Pulse Width ; KEY[1] ; Rise       ; LED[0]~reg0|clk              ;
; 0.876  ; 0.876        ; 0.000          ; High Pulse Width ; KEY[1] ; Rise       ; LED[1]~reg0|clk              ;
; 0.880  ; 0.880        ; 0.000          ; High Pulse Width ; KEY[1] ; Rise       ; KEY[1]~input|o               ;
+--------+--------------+----------------+------------------+--------+------------+------------------------------+


+-----------------------------------------------------------------------+
; Setup Times                                                           ;
+-----------+------------+-------+-------+------------+-----------------+
; Data Port ; Clock Port ; Rise  ; Fall  ; Clock Edge ; Clock Reference ;
+-----------+------------+-------+-------+------------+-----------------+
; SW[*]     ; KEY[0]     ; 0.542 ; 0.812 ; Rise       ; KEY[0]          ;
;  SW[0]    ; KEY[0]     ; 0.542 ; 0.812 ; Rise       ; KEY[0]          ;
;  SW[1]    ; KEY[0]     ; 0.479 ; 0.735 ; Rise       ; KEY[0]          ;
;  SW[2]    ; KEY[0]     ; 0.532 ; 0.791 ; Rise       ; KEY[0]          ;
;  SW[3]    ; KEY[0]     ; 0.066 ; 0.385 ; Rise       ; KEY[0]          ;
; SW[*]     ; KEY[1]     ; 0.862 ; 1.081 ; Rise       ; KEY[1]          ;
;  SW[1]    ; KEY[1]     ; 0.688 ; 0.964 ; Rise       ; KEY[1]          ;
;  SW[2]    ; KEY[1]     ; 0.862 ; 1.081 ; Rise       ; KEY[1]          ;
;  SW[3]    ; KEY[1]     ; 0.237 ; 0.532 ; Rise       ; KEY[1]          ;
+-----------+------------+-------+-------+------------+-----------------+


+-------------------------------------------------------------------------+
; Hold Times                                                              ;
+-----------+------------+--------+--------+------------+-----------------+
; Data Port ; Clock Port ; Rise   ; Fall   ; Clock Edge ; Clock Reference ;
+-----------+------------+--------+--------+------------+-----------------+
; SW[*]     ; KEY[0]     ; 0.074  ; -0.247 ; Rise       ; KEY[0]          ;
;  SW[0]    ; KEY[0]     ; -0.378 ; -0.646 ; Rise       ; KEY[0]          ;
;  SW[1]    ; KEY[0]     ; -0.323 ; -0.583 ; Rise       ; KEY[0]          ;
;  SW[2]    ; KEY[0]     ; -0.369 ; -0.626 ; Rise       ; KEY[0]          ;
;  SW[3]    ; KEY[0]     ; 0.074  ; -0.247 ; Rise       ; KEY[0]          ;
; SW[*]     ; KEY[1]     ; 0.215  ; -0.095 ; Rise       ; KEY[1]          ;
;  SW[1]    ; KEY[1]     ; -0.336 ; -0.573 ; Rise       ; KEY[1]          ;
;  SW[2]    ; KEY[1]     ; -0.388 ; -0.624 ; Rise       ; KEY[1]          ;
;  SW[3]    ; KEY[1]     ; 0.215  ; -0.095 ; Rise       ; KEY[1]          ;
+-----------+------------+--------+--------+------------+-----------------+


+-----------------------------------------------------------------------+
; Clock to Output Times                                                 ;
+-----------+------------+-------+-------+------------+-----------------+
; Data Port ; Clock Port ; Rise  ; Fall  ; Clock Edge ; Clock Reference ;
+-----------+------------+-------+-------+------------+-----------------+
; LED[*]    ; KEY[1]     ; 3.805 ; 3.952 ; Rise       ; KEY[1]          ;
;  LED[0]   ; KEY[1]     ; 3.805 ; 3.952 ; Rise       ; KEY[1]          ;
;  LED[1]   ; KEY[1]     ; 3.724 ; 3.844 ; Rise       ; KEY[1]          ;
+-----------+------------+-------+-------+------------+-----------------+


+-----------------------------------------------------------------------+
; Minimum Clock to Output Times                                         ;
+-----------+------------+-------+-------+------------+-----------------+
; Data Port ; Clock Port ; Rise  ; Fall  ; Clock Edge ; Clock Reference ;
+-----------+------------+-------+-------+------------+-----------------+
; LED[*]    ; KEY[1]     ; 3.597 ; 3.713 ; Rise       ; KEY[1]          ;
;  LED[0]   ; KEY[1]     ; 3.675 ; 3.816 ; Rise       ; KEY[1]          ;
;  LED[1]   ; KEY[1]     ; 3.597 ; 3.713 ; Rise       ; KEY[1]          ;
+-----------+------------+-------+-------+------------+-----------------+


---------------------------------------------
; Fast 1200mV 0C Model Metastability Report ;
---------------------------------------------
No synchronizer chains to report.


+------------------------------------------------------------------------------+
; Multicorner Timing Analysis Summary                                          ;
+------------------+--------+-------+----------+---------+---------------------+
; Clock            ; Setup  ; Hold  ; Recovery ; Removal ; Minimum Pulse Width ;
+------------------+--------+-------+----------+---------+---------------------+
; Worst-case Slack ; -0.206 ; 0.122 ; N/A      ; N/A     ; -3.000              ;
;  KEY[0]          ; N/A    ; N/A   ; N/A      ; N/A     ; -3.000              ;
;  KEY[1]          ; -0.206 ; 0.122 ; N/A      ; N/A     ; -3.000              ;
; Design-wide TNS  ; -0.38  ; 0.0   ; 0.0      ; 0.0     ; -12.412             ;
;  KEY[0]          ; N/A    ; N/A   ; N/A      ; N/A     ; -7.300              ;
;  KEY[1]          ; -0.380 ; 0.000 ; N/A      ; N/A     ; -5.112              ;
+------------------+--------+-------+----------+---------+---------------------+


+-----------------------------------------------------------------------+
; Setup Times                                                           ;
+-----------+------------+-------+-------+------------+-----------------+
; Data Port ; Clock Port ; Rise  ; Fall  ; Clock Edge ; Clock Reference ;
+-----------+------------+-------+-------+------------+-----------------+
; SW[*]     ; KEY[0]     ; 0.768 ; 0.882 ; Rise       ; KEY[0]          ;
;  SW[0]    ; KEY[0]     ; 0.768 ; 0.882 ; Rise       ; KEY[0]          ;
;  SW[1]    ; KEY[0]     ; 0.685 ; 0.752 ; Rise       ; KEY[0]          ;
;  SW[2]    ; KEY[0]     ; 0.748 ; 0.834 ; Rise       ; KEY[0]          ;
;  SW[3]    ; KEY[0]     ; 0.066 ; 0.385 ; Rise       ; KEY[0]          ;
; SW[*]     ; KEY[1]     ; 1.482 ; 1.511 ; Rise       ; KEY[1]          ;
;  SW[1]    ; KEY[1]     ; 1.201 ; 1.302 ; Rise       ; KEY[1]          ;
;  SW[2]    ; KEY[1]     ; 1.482 ; 1.511 ; Rise       ; KEY[1]          ;
;  SW[3]    ; KEY[1]     ; 0.510 ; 0.598 ; Rise       ; KEY[1]          ;
+-----------+------------+-------+-------+------------+-----------------+


+-------------------------------------------------------------------------+
; Hold Times                                                              ;
+-----------+------------+--------+--------+------------+-----------------+
; Data Port ; Clock Port ; Rise   ; Fall   ; Clock Edge ; Clock Reference ;
+-----------+------------+--------+--------+------------+-----------------+
; SW[*]     ; KEY[0]     ; 0.203  ; 0.071  ; Rise       ; KEY[0]          ;
;  SW[0]    ; KEY[0]     ; -0.378 ; -0.536 ; Rise       ; KEY[0]          ;
;  SW[1]    ; KEY[0]     ; -0.323 ; -0.442 ; Rise       ; KEY[0]          ;
;  SW[2]    ; KEY[0]     ; -0.369 ; -0.500 ; Rise       ; KEY[0]          ;
;  SW[3]    ; KEY[0]     ; 0.203  ; 0.071  ; Rise       ; KEY[0]          ;
; SW[*]     ; KEY[1]     ; 0.310  ; 0.195  ; Rise       ; KEY[1]          ;
;  SW[1]    ; KEY[1]     ; -0.336 ; -0.573 ; Rise       ; KEY[1]          ;
;  SW[2]    ; KEY[1]     ; -0.388 ; -0.624 ; Rise       ; KEY[1]          ;
;  SW[3]    ; KEY[1]     ; 0.310  ; 0.195  ; Rise       ; KEY[1]          ;
+-----------+------------+--------+--------+------------+-----------------+


+-----------------------------------------------------------------------+
; Clock to Output Times                                                 ;
+-----------+------------+-------+-------+------------+-----------------+
; Data Port ; Clock Port ; Rise  ; Fall  ; Clock Edge ; Clock Reference ;
+-----------+------------+-------+-------+------------+-----------------+
; LED[*]    ; KEY[1]     ; 6.507 ; 6.616 ; Rise       ; KEY[1]          ;
;  LED[0]   ; KEY[1]     ; 6.507 ; 6.616 ; Rise       ; KEY[1]          ;
;  LED[1]   ; KEY[1]     ; 6.389 ; 6.438 ; Rise       ; KEY[1]          ;
+-----------+------------+-------+-------+------------+-----------------+


+-----------------------------------------------------------------------+
; Minimum Clock to Output Times                                         ;
+-----------+------------+-------+-------+------------+-----------------+
; Data Port ; Clock Port ; Rise  ; Fall  ; Clock Edge ; Clock Reference ;
+-----------+------------+-------+-------+------------+-----------------+
; LED[*]    ; KEY[1]     ; 3.597 ; 3.713 ; Rise       ; KEY[1]          ;
;  LED[0]   ; KEY[1]     ; 3.675 ; 3.816 ; Rise       ; KEY[1]          ;
;  LED[1]   ; KEY[1]     ; 3.597 ; 3.713 ; Rise       ; KEY[1]          ;
+-----------+------------+-------+-------+------------+-----------------+


+------------------------------------------------------------------------------------------------------------------------------------------------------------------------------------------------------------------------------------------------------------------------------------------------------------------------------------------------------------------------------------------------------------------+
; Board Trace Model Assignments                                                                                                                                                                                                                                                                                                                                                                                    ;
+---------------+--------------+-------------------+-------------------------+-------------------------+---------------+---------------------+----------------+------------------+--------+------------------+------------------------+------------------------+--------------+---------------+-----------------+-------+---------------------+--------------------+---------------+-----------------+-------------+
; Pin           ; I/O Standard ; Near Tline Length ; Near Tline L per Length ; Near Tline C per Length ; Near Series R ; Near Differential R ; Near Pull-up R ; Near Pull-down R ; Near C ; Far Tline Length ; Far Tline L per Length ; Far Tline C per Length ; Far Series R ; Far Pull-up R ; Far Pull-down R ; Far C ; Termination Voltage ; Far Differential R ; EBD File Name ; EBD Signal Name ; EBD Far-end ;
+---------------+--------------+-------------------+-------------------------+-------------------------+---------------+---------------------+----------------+------------------+--------+------------------+------------------------+------------------------+--------------+---------------+-----------------+-------+---------------------+--------------------+---------------+-----------------+-------------+
; LED[0]        ; 2.5 V        ; 0 in              ; 0 H/in                  ; 0 F/in                  ; short         ; -                   ; open           ; open             ; open   ; 0 in             ; 0 H/in                 ; 0 F/in                 ; short        ; open          ; open            ; open  ; 0 V                 ; -                  ; n/a           ; n/a             ; n/a         ;
; LED[1]        ; 2.5 V        ; 0 in              ; 0 H/in                  ; 0 F/in                  ; short         ; -                   ; open           ; open             ; open   ; 0 in             ; 0 H/in                 ; 0 F/in                 ; short        ; open          ; open            ; open  ; 0 V                 ; -                  ; n/a           ; n/a             ; n/a         ;
; ~ALTERA_DCLK~ ; 2.5 V        ; 0 in              ; 0 H/in                  ; 0 F/in                  ; short         ; -                   ; open           ; open             ; open   ; 0 in             ; 0 H/in                 ; 0 F/in                 ; short        ; open          ; open            ; open  ; 0 V                 ; -                  ; n/a           ; n/a             ; n/a         ;
; ~ALTERA_nCEO~ ; 2.5 V        ; 0 in              ; 0 H/in                  ; 0 F/in                  ; short         ; -                   ; open           ; open             ; open   ; 0 in             ; 0 H/in                 ; 0 F/in                 ; short        ; open          ; open            ; open  ; 0 V                 ; -                  ; n/a           ; n/a             ; n/a         ;
+---------------+--------------+-------------------+-------------------------+-------------------------+---------------+---------------------+----------------+------------------+--------+------------------+------------------------+------------------------+--------------+---------------+-----------------+-------+---------------------+--------------------+---------------+-----------------+-------------+


+----------------------------------------------------------------------------+
; Input Transition Times                                                     ;
+-------------------------+--------------+-----------------+-----------------+
; Pin                     ; I/O Standard ; 10-90 Rise Time ; 90-10 Fall Time ;
+-------------------------+--------------+-----------------+-----------------+
; CLOCK_50                ; 2.5 V        ; 2000 ps         ; 2000 ps         ;
; SW[3]                   ; 2.5 V        ; 2000 ps         ; 2000 ps         ;
; SW[2]                   ; 2.5 V        ; 2000 ps         ; 2000 ps         ;
; SW[1]                   ; 2.5 V        ; 2000 ps         ; 2000 ps         ;
; KEY[1]                  ; 2.5 V        ; 2000 ps         ; 2000 ps         ;
; SW[0]                   ; 2.5 V        ; 2000 ps         ; 2000 ps         ;
; KEY[0]                  ; 2.5 V        ; 2000 ps         ; 2000 ps         ;
; ~ALTERA_ASDO_DATA1~     ; 2.5 V        ; 2000 ps         ; 2000 ps         ;
; ~ALTERA_FLASH_nCE_nCSO~ ; 2.5 V        ; 2000 ps         ; 2000 ps         ;
; ~ALTERA_DATA0~          ; 2.5 V        ; 2000 ps         ; 2000 ps         ;
+-------------------------+--------------+-----------------+-----------------+


+--------------------------------------------------------------------------------------------------------------------------------------------------------------------------------------------------------------------------------------------------------------------------------------------------------------------------------------------------------------------------------------------------------------------------------------------------------------------------------------------------------------------------------------------------------------------------------------------------------------------------------------------------------------------------------------------+
; Signal Integrity Metrics (Slow 1200mv 0c Model)                                                                                                                                                                                                                                                                                                                                                                                                                                                                                                                                                                                                                                            ;
+---------------+--------------+---------------------+---------------------+------------------------------+------------------------------+---------------------+---------------------+--------------------------------------+--------------------------------------+-----------------------------+-----------------------------+----------------------------+----------------------------+-----------------------------+-----------------------------+--------------------+--------------------+-------------------------------------+-------------------------------------+----------------------------+----------------------------+---------------------------+---------------------------+
; Pin           ; I/O Standard ; Board Delay on Rise ; Board Delay on Fall ; Steady State Voh at FPGA Pin ; Steady State Vol at FPGA Pin ; Voh Max at FPGA Pin ; Vol Min at FPGA Pin ; Ringback Voltage on Rise at FPGA Pin ; Ringback Voltage on Fall at FPGA Pin ; 10-90 Rise Time at FPGA Pin ; 90-10 Fall Time at FPGA Pin ; Monotonic Rise at FPGA Pin ; Monotonic Fall at FPGA Pin ; Steady State Voh at Far-end ; Steady State Vol at Far-end ; Voh Max at Far-end ; Vol Min at Far-end ; Ringback Voltage on Rise at Far-end ; Ringback Voltage on Fall at Far-end ; 10-90 Rise Time at Far-end ; 90-10 Fall Time at Far-end ; Monotonic Rise at Far-end ; Monotonic Fall at Far-end ;
+---------------+--------------+---------------------+---------------------+------------------------------+------------------------------+---------------------+---------------------+--------------------------------------+--------------------------------------+-----------------------------+-----------------------------+----------------------------+----------------------------+-----------------------------+-----------------------------+--------------------+--------------------+-------------------------------------+-------------------------------------+----------------------------+----------------------------+---------------------------+---------------------------+
; LED[0]        ; 2.5 V        ; 0 s                 ; 0 s                 ; 2.32 V                       ; 5.95e-09 V                   ; 2.38 V              ; -0.016 V            ; 0.22 V                               ; 0.025 V                              ; 3.06e-10 s                  ; 3.3e-10 s                   ; Yes                        ; Yes                        ; 2.32 V                      ; 5.95e-09 V                  ; 2.38 V             ; -0.016 V           ; 0.22 V                              ; 0.025 V                             ; 3.06e-10 s                 ; 3.3e-10 s                  ; Yes                       ; Yes                       ;
; LED[1]        ; 2.5 V        ; 0 s                 ; 0 s                 ; 2.32 V                       ; 5.95e-09 V                   ; 2.38 V              ; -0.016 V            ; 0.22 V                               ; 0.025 V                              ; 3.06e-10 s                  ; 3.3e-10 s                   ; Yes                        ; Yes                        ; 2.32 V                      ; 5.95e-09 V                  ; 2.38 V             ; -0.016 V           ; 0.22 V                              ; 0.025 V                             ; 3.06e-10 s                 ; 3.3e-10 s                  ; Yes                       ; Yes                       ;
; ~ALTERA_DCLK~ ; 2.5 V        ; 0 s                 ; 0 s                 ; 2.32 V                       ; 3.45e-09 V                   ; 2.38 V              ; -0.0609 V           ; 0.148 V                              ; 0.095 V                              ; 2.82e-10 s                  ; 2.59e-10 s                  ; Yes                        ; Yes                        ; 2.32 V                      ; 3.45e-09 V                  ; 2.38 V             ; -0.0609 V          ; 0.148 V                             ; 0.095 V                             ; 2.82e-10 s                 ; 2.59e-10 s                 ; Yes                       ; Yes                       ;
; ~ALTERA_nCEO~ ; 2.5 V        ; 0 s                 ; 0 s                 ; 2.32 V                       ; 5.61e-09 V                   ; 2.38 V              ; -0.00274 V          ; 0.141 V                              ; 0.006 V                              ; 4.7e-10 s                   ; 6.02e-10 s                  ; Yes                        ; Yes                        ; 2.32 V                      ; 5.61e-09 V                  ; 2.38 V             ; -0.00274 V         ; 0.141 V                             ; 0.006 V                             ; 4.7e-10 s                  ; 6.02e-10 s                 ; Yes                       ; Yes                       ;
+---------------+--------------+---------------------+---------------------+------------------------------+------------------------------+---------------------+---------------------+--------------------------------------+--------------------------------------+-----------------------------+-----------------------------+----------------------------+----------------------------+-----------------------------+-----------------------------+--------------------+--------------------+-------------------------------------+-------------------------------------+----------------------------+----------------------------+---------------------------+---------------------------+


+--------------------------------------------------------------------------------------------------------------------------------------------------------------------------------------------------------------------------------------------------------------------------------------------------------------------------------------------------------------------------------------------------------------------------------------------------------------------------------------------------------------------------------------------------------------------------------------------------------------------------------------------------------------------------------------------+
; Signal Integrity Metrics (Slow 1200mv 85c Model)                                                                                                                                                                                                                                                                                                                                                                                                                                                                                                                                                                                                                                           ;
+---------------+--------------+---------------------+---------------------+------------------------------+------------------------------+---------------------+---------------------+--------------------------------------+--------------------------------------+-----------------------------+-----------------------------+----------------------------+----------------------------+-----------------------------+-----------------------------+--------------------+--------------------+-------------------------------------+-------------------------------------+----------------------------+----------------------------+---------------------------+---------------------------+
; Pin           ; I/O Standard ; Board Delay on Rise ; Board Delay on Fall ; Steady State Voh at FPGA Pin ; Steady State Vol at FPGA Pin ; Voh Max at FPGA Pin ; Vol Min at FPGA Pin ; Ringback Voltage on Rise at FPGA Pin ; Ringback Voltage on Fall at FPGA Pin ; 10-90 Rise Time at FPGA Pin ; 90-10 Fall Time at FPGA Pin ; Monotonic Rise at FPGA Pin ; Monotonic Fall at FPGA Pin ; Steady State Voh at Far-end ; Steady State Vol at Far-end ; Voh Max at Far-end ; Vol Min at Far-end ; Ringback Voltage on Rise at Far-end ; Ringback Voltage on Fall at Far-end ; 10-90 Rise Time at Far-end ; 90-10 Fall Time at Far-end ; Monotonic Rise at Far-end ; Monotonic Fall at Far-end ;
+---------------+--------------+---------------------+---------------------+------------------------------+------------------------------+---------------------+---------------------+--------------------------------------+--------------------------------------+-----------------------------+-----------------------------+----------------------------+----------------------------+-----------------------------+-----------------------------+--------------------+--------------------+-------------------------------------+-------------------------------------+----------------------------+----------------------------+---------------------------+---------------------------+
; LED[0]        ; 2.5 V        ; 0 s                 ; 0 s                 ; 2.32 V                       ; 1.06e-06 V                   ; 2.36 V              ; -0.00724 V          ; 0.107 V                              ; 0.02 V                               ; 4.5e-10 s                   ; 4.25e-10 s                  ; Yes                        ; Yes                        ; 2.32 V                      ; 1.06e-06 V                  ; 2.36 V             ; -0.00724 V         ; 0.107 V                             ; 0.02 V                              ; 4.5e-10 s                  ; 4.25e-10 s                 ; Yes                       ; Yes                       ;
; LED[1]        ; 2.5 V        ; 0 s                 ; 0 s                 ; 2.32 V                       ; 1.06e-06 V                   ; 2.36 V              ; -0.00724 V          ; 0.107 V                              ; 0.02 V                               ; 4.5e-10 s                   ; 4.25e-10 s                  ; Yes                        ; Yes                        ; 2.32 V                      ; 1.06e-06 V                  ; 2.36 V             ; -0.00724 V         ; 0.107 V                             ; 0.02 V                              ; 4.5e-10 s                  ; 4.25e-10 s                 ; Yes                       ; Yes                       ;
; ~ALTERA_DCLK~ ; 2.5 V        ; 0 s                 ; 0 s                 ; 2.32 V                       ; 5.74e-07 V                   ; 2.36 V              ; -0.0201 V           ; 0.072 V                              ; 0.033 V                              ; 4.04e-10 s                  ; 3.29e-10 s                  ; Yes                        ; Yes                        ; 2.32 V                      ; 5.74e-07 V                  ; 2.36 V             ; -0.0201 V          ; 0.072 V                             ; 0.033 V                             ; 4.04e-10 s                 ; 3.29e-10 s                 ; Yes                       ; Yes                       ;
; ~ALTERA_nCEO~ ; 2.5 V        ; 0 s                 ; 0 s                 ; 2.32 V                       ; 9.45e-07 V                   ; 2.35 V              ; -0.00643 V          ; 0.081 V                              ; 0.031 V                              ; 5.31e-10 s                  ; 7.59e-10 s                  ; Yes                        ; Yes                        ; 2.32 V                      ; 9.45e-07 V                  ; 2.35 V             ; -0.00643 V         ; 0.081 V                             ; 0.031 V                             ; 5.31e-10 s                 ; 7.59e-10 s                 ; Yes                       ; Yes                       ;
+---------------+--------------+---------------------+---------------------+------------------------------+------------------------------+---------------------+---------------------+--------------------------------------+--------------------------------------+-----------------------------+-----------------------------+----------------------------+----------------------------+-----------------------------+-----------------------------+--------------------+--------------------+-------------------------------------+-------------------------------------+----------------------------+----------------------------+---------------------------+---------------------------+


+--------------------------------------------------------------------------------------------------------------------------------------------------------------------------------------------------------------------------------------------------------------------------------------------------------------------------------------------------------------------------------------------------------------------------------------------------------------------------------------------------------------------------------------------------------------------------------------------------------------------------------------------------------------------------------------------+
; Signal Integrity Metrics (Fast 1200mv 0c Model)                                                                                                                                                                                                                                                                                                                                                                                                                                                                                                                                                                                                                                            ;
+---------------+--------------+---------------------+---------------------+------------------------------+------------------------------+---------------------+---------------------+--------------------------------------+--------------------------------------+-----------------------------+-----------------------------+----------------------------+----------------------------+-----------------------------+-----------------------------+--------------------+--------------------+-------------------------------------+-------------------------------------+----------------------------+----------------------------+---------------------------+---------------------------+
; Pin           ; I/O Standard ; Board Delay on Rise ; Board Delay on Fall ; Steady State Voh at FPGA Pin ; Steady State Vol at FPGA Pin ; Voh Max at FPGA Pin ; Vol Min at FPGA Pin ; Ringback Voltage on Rise at FPGA Pin ; Ringback Voltage on Fall at FPGA Pin ; 10-90 Rise Time at FPGA Pin ; 90-10 Fall Time at FPGA Pin ; Monotonic Rise at FPGA Pin ; Monotonic Fall at FPGA Pin ; Steady State Voh at Far-end ; Steady State Vol at Far-end ; Voh Max at Far-end ; Vol Min at Far-end ; Ringback Voltage on Rise at Far-end ; Ringback Voltage on Fall at Far-end ; 10-90 Rise Time at Far-end ; 90-10 Fall Time at Far-end ; Monotonic Rise at Far-end ; Monotonic Fall at Far-end ;
+---------------+--------------+---------------------+---------------------+------------------------------+------------------------------+---------------------+---------------------+--------------------------------------+--------------------------------------+-----------------------------+-----------------------------+----------------------------+----------------------------+-----------------------------+-----------------------------+--------------------+--------------------+-------------------------------------+-------------------------------------+----------------------------+----------------------------+---------------------------+---------------------------+
; LED[0]        ; 2.5 V        ; 0 s                 ; 0 s                 ; 2.62 V                       ; 4.05e-08 V                   ; 2.72 V              ; -0.0349 V           ; 0.173 V                              ; 0.1 V                                ; 2.72e-10 s                  ; 2.69e-10 s                  ; Yes                        ; Yes                        ; 2.62 V                      ; 4.05e-08 V                  ; 2.72 V             ; -0.0349 V          ; 0.173 V                             ; 0.1 V                               ; 2.72e-10 s                 ; 2.69e-10 s                 ; Yes                       ; Yes                       ;
; LED[1]        ; 2.5 V        ; 0 s                 ; 0 s                 ; 2.62 V                       ; 4.05e-08 V                   ; 2.72 V              ; -0.0349 V           ; 0.173 V                              ; 0.1 V                                ; 2.72e-10 s                  ; 2.69e-10 s                  ; Yes                        ; Yes                        ; 2.62 V                      ; 4.05e-08 V                  ; 2.72 V             ; -0.0349 V          ; 0.173 V                             ; 0.1 V                               ; 2.72e-10 s                 ; 2.69e-10 s                 ; Yes                       ; Yes                       ;
; ~ALTERA_DCLK~ ; 2.5 V        ; 0 s                 ; 0 s                 ; 2.62 V                       ; 2.22e-08 V                   ; 2.74 V              ; -0.06 V             ; 0.158 V                              ; 0.08 V                               ; 2.68e-10 s                  ; 2.19e-10 s                  ; Yes                        ; Yes                        ; 2.62 V                      ; 2.22e-08 V                  ; 2.74 V             ; -0.06 V            ; 0.158 V                             ; 0.08 V                              ; 2.68e-10 s                 ; 2.19e-10 s                 ; Yes                       ; Yes                       ;
; ~ALTERA_nCEO~ ; 2.5 V        ; 0 s                 ; 0 s                 ; 2.62 V                       ; 3.54e-08 V                   ; 2.7 V               ; -0.00943 V          ; 0.276 V                              ; 0.035 V                              ; 3.19e-10 s                  ; 4.99e-10 s                  ; No                         ; Yes                        ; 2.62 V                      ; 3.54e-08 V                  ; 2.7 V              ; -0.00943 V         ; 0.276 V                             ; 0.035 V                             ; 3.19e-10 s                 ; 4.99e-10 s                 ; No                        ; Yes                       ;
+---------------+--------------+---------------------+---------------------+------------------------------+------------------------------+---------------------+---------------------+--------------------------------------+--------------------------------------+-----------------------------+-----------------------------+----------------------------+----------------------------+-----------------------------+-----------------------------+--------------------+--------------------+-------------------------------------+-------------------------------------+----------------------------+----------------------------+---------------------------+---------------------------+


+-------------------------------------------------------------------+
; Setup Transfers                                                   ;
+------------+----------+----------+----------+----------+----------+
; From Clock ; To Clock ; RR Paths ; FR Paths ; RF Paths ; FF Paths ;
+------------+----------+----------+----------+----------+----------+
; KEY[0]     ; KEY[1]   ; 7        ; 0        ; 0        ; 0        ;
+------------+----------+----------+----------+----------+----------+
Entries labeled "false path" only account for clock-to-clock false paths and not path-based false paths. As a result, actual path counts may be lower than reported.


+-------------------------------------------------------------------+
; Hold Transfers                                                    ;
+------------+----------+----------+----------+----------+----------+
; From Clock ; To Clock ; RR Paths ; FR Paths ; RF Paths ; FF Paths ;
+------------+----------+----------+----------+----------+----------+
; KEY[0]     ; KEY[1]   ; 7        ; 0        ; 0        ; 0        ;
+------------+----------+----------+----------+----------+----------+
Entries labeled "false path" only account for clock-to-clock false paths and not path-based false paths. As a result, actual path counts may be lower than reported.


---------------
; Report TCCS ;
---------------
No dedicated SERDES Transmitter circuitry present in device or used in design


---------------
; Report RSKM ;
---------------
No non-DPA dedicated SERDES Receiver circuitry present in device or used in design


+------------------------------------------------+
; Unconstrained Paths                            ;
+---------------------------------+-------+------+
; Property                        ; Setup ; Hold ;
+---------------------------------+-------+------+
; Illegal Clocks                  ; 0     ; 0    ;
; Unconstrained Clocks            ; 0     ; 0    ;
; Unconstrained Input Ports       ; 4     ; 4    ;
; Unconstrained Input Port Paths  ; 10    ; 10   ;
; Unconstrained Output Ports      ; 2     ; 2    ;
; Unconstrained Output Port Paths ; 2     ; 2    ;
+---------------------------------+-------+------+


+------------------------------------+
; TimeQuest Timing Analyzer Messages ;
+------------------------------------+
Info: *******************************************************************
Info: Running Quartus II 64-Bit TimeQuest Timing Analyzer
    Info: Version 14.1.0 Build 186 12/03/2014 SJ Web Edition
    Info: Processing started: Tue Feb 17 20:23:58 2015
Info: Command: quartus_sta proce -c proce
Info: qsta_default_script.tcl version: #3
Warning (20013): Ignored assignments for entity "DE0_NANO" -- entity does not exist in design
    Warning (20014): Assignment for entity set_instance_assignment -name PARTITION_HIERARCHY root_partition -to | -entity DE0_NANO -section_id Top was ignored
    Warning (20014): Assignment for entity set_global_assignment -name PARTITION_NETLIST_TYPE SOURCE -entity DE0_NANO -section_id Top was ignored
    Warning (20014): Assignment for entity set_global_assignment -name PARTITION_FITTER_PRESERVATION_LEVEL PLACEMENT_AND_ROUTING -entity DE0_NANO -section_id Top was ignored
    Warning (20014): Assignment for entity set_global_assignment -name PARTITION_PRESERVE_HIGH_SPEED_TILES ON -entity DE0_NANO -section_id Top was ignored
    Warning (20014): Assignment for entity set_global_assignment -name PARTITION_IGNORE_SOURCE_FILE_CHANGES OFF -entity DE0_NANO -section_id Top was ignored
    Warning (20014): Assignment for entity set_global_assignment -name PARTITION_ALWAYS_USE_QXP_NETLIST OFF -entity DE0_NANO -section_id Top was ignored
    Warning (20014): Assignment for entity set_global_assignment -name PARTITION_COLOR 16764057 -entity DE0_NANO -section_id Top was ignored
    Warning (20014): Assignment for entity set_global_assignment -name PARTITION_IMPORT_ASSIGNMENTS ON -entity DE0_NANO -section_id Top was ignored
    Warning (20014): Assignment for entity set_global_assignment -name PARTITION_IMPORT_EXISTING_ASSIGNMENTS REPLACE_CONFLICTING -entity DE0_NANO -section_id Top was ignored
    Warning (20014): Assignment for entity set_global_assignment -name PARTITION_IMPORT_EXISTING_LOGICLOCK_REGIONS UPDATE_CONFLICTING -entity DE0_NANO -section_id Top was ignored
    Warning (20014): Assignment for entity set_global_assignment -name PARTITION_IMPORT_PIN_ASSIGNMENTS ON -entity DE0_NANO -section_id Top was ignored
    Warning (20014): Assignment for entity set_global_assignment -name PARTITION_IMPORT_PROMOTE_ASSIGNMENTS ON -entity DE0_NANO -section_id Top was ignored
    Warning (20014): Assignment for entity set_global_assignment -name PARTITION_TYPE STANDARD_PARTITION -entity DE0_NANO -section_id Top was ignored
    Warning (20014): Assignment for entity set_global_assignment -name ALLOW_MULTIPLE_PERSONAS OFF -entity DE0_NANO -section_id Top was ignored
    Warning (20014): Assignment for entity set_global_assignment -name PARTITION_ASD_REGION_ID 1 -entity DE0_NANO -section_id Top was ignored
    Warning (20014): Assignment for entity set_global_assignment -name CROSS_BOUNDARY_OPTIMIZATIONS OFF -entity DE0_NANO -section_id Top was ignored
    Warning (20014): Assignment for entity set_global_assignment -name PROPAGATE_CONSTANTS_ON_INPUTS ON -entity DE0_NANO -section_id Top was ignored
    Warning (20014): Assignment for entity set_global_assignment -name PROPAGATE_INVERSIONS_ON_INPUTS ON -entity DE0_NANO -section_id Top was ignored
    Warning (20014): Assignment for entity set_global_assignment -name REMOVE_LOGIC_ON_UNCONNECTED_OUTPUTS ON -entity DE0_NANO -section_id Top was ignored
    Warning (20014): Assignment for entity set_global_assignment -name MERGE_EQUIVALENT_INPUTS ON -entity DE0_NANO -section_id Top was ignored
    Warning (20014): Assignment for entity set_global_assignment -name MERGE_EQUIVALENT_BIDIRS ON -entity DE0_NANO -section_id Top was ignored
    Warning (20014): Assignment for entity set_global_assignment -name ABSORB_PATHS_FROM_OUTPUTS_TO_INPUTS ON -entity DE0_NANO -section_id Top was ignored
    Warning (20014): Assignment for entity set_global_assignment -name PARTITION_EXTRACT_HARD_BLOCK_NODES ON -entity DE0_NANO -section_id Top was ignored
    Warning (20014): Assignment for entity set_global_assignment -name PARTITION_ENABLE_STRICT_PRESERVATION OFF -entity DE0_NANO -section_id Top was ignored
Info (20030): Parallel compilation is enabled and will use 12 of the 12 processors detected
Info (21077): Core supply voltage is 1.2V
Info (21077): Low junction temperature is 0 degrees C
Info (21077): High junction temperature is 85 degrees C
Critical Warning (332012): Synopsys Design Constraints File file not found: 'proce.sdc'. A Synopsys Design Constraints File is required by the TimeQuest Timing Analyzer to get proper timing constraints. Without it, the Compiler will not properly optimize the design.
Info (332142): No user constrained base clocks found in the design. Calling "derive_clocks -period 1.0"
Info (332105): Deriving Clocks
    Info (332105): create_clock -period 1.000 -name KEY[1] KEY[1]
    Info (332105): create_clock -period 1.000 -name KEY[0] KEY[0]
Info (332143): No user constrained clock uncertainty found in the design. Calling "derive_clock_uncertainty"
Info (332123): Deriving Clock Uncertainty. Please refer to report_sdc in TimeQuest to see clock uncertainties.
Info: Found TIMEQUEST_REPORT_SCRIPT_INCLUDE_DEFAULT_ANALYSIS = ON
Info: Analyzing Slow 1200mV 85C Model
Info (332140): No fmax paths to report
Critical Warning (332148): Timing requirements not met
    Info (11105): For recommendations on closing timing, run Report Timing Closure Recommendations in the TimeQuest Timing Analyzer.
Info (332146): Worst-case setup slack is -0.206
    Info (332119):     Slack       End Point TNS Clock 
    Info (332119): ========= =================== =====================
    Info (332119):    -0.206              -0.380 KEY[1] 
Info (332146): Worst-case hold slack is 0.454
    Info (332119):     Slack       End Point TNS Clock 
    Info (332119): ========= =================== =====================
    Info (332119):     0.454               0.000 KEY[1] 
Info (332140): No Recovery paths to report
Info (332140): No Removal paths to report
Info (332146): Worst-case minimum pulse width slack is -3.000
    Info (332119):     Slack       End Point TNS Clock 
    Info (332119): ========= =================== =====================
    Info (332119):    -3.000              -7.000 KEY[0] 
    Info (332119):    -3.000              -5.000 KEY[1] 
Info: Analyzing Slow 1200mV 0C Model
Info (334003): Started post-fitting delay annotation
Info (334004): Delay annotation completed successfully
Info (332123): Deriving Clock Uncertainty. Please refer to report_sdc in TimeQuest to see clock uncertainties.
Info (332140): No fmax paths to report
Critical Warning (332148): Timing requirements not met
    Info (11105): For recommendations on closing timing, run Report Timing Closure Recommendations in the TimeQuest Timing Analyzer.
Info (332146): Worst-case setup slack is -0.118
    Info (332119):     Slack       End Point TNS Clock 
    Info (332119): ========= =================== =====================
    Info (332119):    -0.118              -0.205 KEY[1] 
Info (332146): Worst-case hold slack is 0.460
    Info (332119):     Slack       End Point TNS Clock 
    Info (332119): ========= =================== =====================
    Info (332119):     0.460               0.000 KEY[1] 
Info (332140): No Recovery paths to report
Info (332140): No Removal paths to report
Info (332146): Worst-case minimum pulse width slack is -3.000
    Info (332119):     Slack       End Point TNS Clock 
    Info (332119): ========= =================== =====================
    Info (332119):    -3.000              -7.000 KEY[0] 
    Info (332119):    -3.000              -5.000 KEY[1] 
Info: Analyzing Fast 1200mV 0C Model
Info (332123): Deriving Clock Uncertainty. Please refer to report_sdc in TimeQuest to see clock uncertainties.
Info (332146): Worst-case setup slack is 0.406
    Info (332119):     Slack       End Point TNS Clock 
    Info (332119): ========= =================== =====================
    Info (332119):     0.406               0.000 KEY[1] 
Info (332146): Worst-case hold slack is 0.122
    Info (332119):     Slack       End Point TNS Clock 
    Info (332119): ========= =================== =====================
    Info (332119):     0.122               0.000 KEY[1] 
Info (332140): No Recovery paths to report
Info (332140): No Removal paths to report
Critical Warning (332148): Timing requirements not met
    Info (11105): For recommendations on closing timing, run Report Timing Closure Recommendations in the TimeQuest Timing Analyzer.
Info (332146): Worst-case minimum pulse width slack is -3.000
    Info (332119):     Slack       End Point TNS Clock 
    Info (332119): ========= =================== =====================
    Info (332119):    -3.000              -7.300 KEY[0] 
    Info (332119):    -3.000              -5.112 KEY[1] 
Info (332102): Design is not fully constrained for setup requirements
Info (332102): Design is not fully constrained for hold requirements
Info: Quartus II 64-Bit TimeQuest Timing Analyzer was successful. 0 errors, 29 warnings
    Info: Peak virtual memory: 743 megabytes
    Info: Processing ended: Tue Feb 17 20:24:02 2015
    Info: Elapsed time: 00:00:04
    Info: Total CPU time (on all processors): 00:00:04


