Archive member included to satisfy reference by file (symbol)

bsp/\libhal_bsp.a(alt_load.o)
                              bsp//obj/HAL/src/crt0.o (alt_load)
bsp/\libhal_bsp.a(alt_main.o)
                              bsp//obj/HAL/src/crt0.o (alt_main)
bsp/\libhal_bsp.a(alt_sys_init.o)
                              bsp/\libhal_bsp.a(alt_main.o) (alt_irq_init)
bsp/\libhal_bsp.a(altera_avalon_jtag_uart_fd.o)
                              bsp/\libhal_bsp.a(alt_sys_init.o) (altera_avalon_jtag_uart_read_fd)
bsp/\libhal_bsp.a(altera_avalon_jtag_uart_init.o)
                              bsp/\libhal_bsp.a(alt_sys_init.o) (altera_avalon_jtag_uart_init)
bsp/\libhal_bsp.a(altera_avalon_jtag_uart_ioctl.o)
                              bsp/\libhal_bsp.a(altera_avalon_jtag_uart_fd.o) (altera_avalon_jtag_uart_ioctl)
bsp/\libhal_bsp.a(altera_avalon_jtag_uart_read.o)
                              bsp/\libhal_bsp.a(altera_avalon_jtag_uart_fd.o) (altera_avalon_jtag_uart_read)
bsp/\libhal_bsp.a(altera_avalon_jtag_uart_write.o)
                              bsp/\libhal_bsp.a(altera_avalon_jtag_uart_fd.o) (altera_avalon_jtag_uart_write)
bsp/\libhal_bsp.a(altera_avalon_timer_sc.o)
                              bsp/\libhal_bsp.a(alt_sys_init.o) (alt_avalon_timer_sc_init)
bsp/\libhal_bsp.a(alt_alarm_start.o)
                              bsp/\libhal_bsp.a(altera_avalon_jtag_uart_init.o) (alt_alarm_start)
bsp/\libhal_bsp.a(alt_close.o)
                              bsp/\libhal_bsp.a(alt_main.o) (close)
bsp/\libhal_bsp.a(alt_dcache_flush_all.o)
                              bsp/\libhal_bsp.a(alt_load.o) (alt_dcache_flush_all)
bsp/\libhal_bsp.a(alt_dev.o)  bsp/\libhal_bsp.a(alt_sys_init.o) (alt_dev_list)
bsp/\libhal_bsp.a(alt_dev_llist_insert.o)
                              bsp/\libhal_bsp.a(alt_sys_init.o) (alt_dev_llist_insert)
bsp/\libhal_bsp.a(alt_do_ctors.o)
                              bsp/\libhal_bsp.a(alt_main.o) (_do_ctors)
bsp/\libhal_bsp.a(alt_do_dtors.o)
                              bsp/\libhal_bsp.a(alt_main.o) (_do_dtors)
bsp/\libhal_bsp.a(alt_errno.o)
                              bsp/\libhal_bsp.a(alt_close.o) (alt_errno)
bsp/\libhal_bsp.a(alt_icache_flush_all.o)
                              bsp/\libhal_bsp.a(alt_load.o) (alt_icache_flush_all)
bsp/\libhal_bsp.a(alt_io_redirect.o)
                              bsp/\libhal_bsp.a(alt_main.o) (alt_io_redirect)
bsp/\libhal_bsp.a(alt_irq_register.o)
                              bsp/\libhal_bsp.a(altera_avalon_jtag_uart_init.o) (alt_irq_register)
bsp/\libhal_bsp.a(alt_irq_vars.o)
                              bsp/\libhal_bsp.a(alt_irq_register.o) (alt_irq_active)
bsp/\libhal_bsp.a(alt_open.o)
                              bsp/\libhal_bsp.a(alt_io_redirect.o) (open)
bsp/\libhal_bsp.a(alt_release_fd.o)
                              bsp/\libhal_bsp.a(alt_close.o) (alt_release_fd)
bsp/\libhal_bsp.a(alt_tick.o)
                              bsp/\libhal_bsp.a(altera_avalon_jtag_uart_init.o) (_alt_tick_rate)
bsp/\libhal_bsp.a(altera_nios2_gen2_irq.o)
                              bsp/\libhal_bsp.a(alt_sys_init.o) (altera_nios2_gen2_irq_init)
bsp/\libhal_bsp.a(alt_find_dev.o)
                              bsp/\libhal_bsp.a(alt_open.o) (alt_find_dev)
bsp/\libhal_bsp.a(alt_find_file.o)
                              bsp/\libhal_bsp.a(alt_open.o) (alt_find_file)
bsp/\libhal_bsp.a(alt_get_fd.o)
                              bsp/\libhal_bsp.a(alt_open.o) (alt_get_fd)
bsp/\libhal_bsp.a(alt_irq_entry.o)
                              bsp/\libhal_bsp.a(alt_irq_register.o) (alt_irq_entry)
bsp/\libhal_bsp.a(alt_irq_handler.o)
                              bsp/\libhal_bsp.a(alt_irq_register.o) (alt_irq)
bsp/\libhal_bsp.a(alt_exception_entry.o)
                              bsp/\libhal_bsp.a(alt_irq_entry.o) (alt_exception)
bsp/\libhal_bsp.a(alt_instruction_exception_entry.o)
                              bsp/\libhal_bsp.a(alt_exception_entry.o) (alt_instruction_exception_entry)
e:/master_folder/programs/altera/nios2eds/bin/gnu/h-x86_64-mingw32/bin/../lib/gcc/nios2-elf/4.8.3/../../../../../H-x86_64-mingw32/nios2-elf/lib/mno-hw-mul\libc.a(lib_a-atexit.o)
                              bsp/\libhal_bsp.a(alt_main.o) (atexit)
e:/master_folder/programs/altera/nios2eds/bin/gnu/h-x86_64-mingw32/bin/../lib/gcc/nios2-elf/4.8.3/../../../../../H-x86_64-mingw32/nios2-elf/lib/mno-hw-mul\libc.a(lib_a-exit.o)
                              bsp/\libhal_bsp.a(alt_main.o) (exit)
e:/master_folder/programs/altera/nios2eds/bin/gnu/h-x86_64-mingw32/bin/../lib/gcc/nios2-elf/4.8.3/../../../../../H-x86_64-mingw32/nios2-elf/lib/mno-hw-mul\libc.a(lib_a-impure.o)
                              e:/master_folder/programs/altera/nios2eds/bin/gnu/h-x86_64-mingw32/bin/../lib/gcc/nios2-elf/4.8.3/../../../../../H-x86_64-mingw32/nios2-elf/lib/mno-hw-mul\libc.a(lib_a-exit.o) (_global_impure_ptr)
e:/master_folder/programs/altera/nios2eds/bin/gnu/h-x86_64-mingw32/bin/../lib/gcc/nios2-elf/4.8.3/../../../../../H-x86_64-mingw32/nios2-elf/lib/mno-hw-mul\libc.a(lib_a-int_errno.o)
                              bsp/\libhal_bsp.a(alt_close.o) (errno)
e:/master_folder/programs/altera/nios2eds/bin/gnu/h-x86_64-mingw32/bin/../lib/gcc/nios2-elf/4.8.3/../../../../../H-x86_64-mingw32/nios2-elf/lib/mno-hw-mul\libc.a(lib_a-memcmp.o)
                              bsp/\libhal_bsp.a(alt_find_dev.o) (memcmp)
e:/master_folder/programs/altera/nios2eds/bin/gnu/h-x86_64-mingw32/bin/../lib/gcc/nios2-elf/4.8.3/../../../../../H-x86_64-mingw32/nios2-elf/lib/mno-hw-mul\libc.a(lib_a-memcpy.o)
                              bsp/\libhal_bsp.a(altera_avalon_jtag_uart_read.o) (memcpy)
e:/master_folder/programs/altera/nios2eds/bin/gnu/h-x86_64-mingw32/bin/../lib/gcc/nios2-elf/4.8.3/../../../../../H-x86_64-mingw32/nios2-elf/lib/mno-hw-mul\libc.a(lib_a-strlen.o)
                              bsp/\libhal_bsp.a(alt_find_dev.o) (strlen)
e:/master_folder/programs/altera/nios2eds/bin/gnu/h-x86_64-mingw32/bin/../lib/gcc/nios2-elf/4.8.3/../../../../../H-x86_64-mingw32/nios2-elf/lib/mno-hw-mul\libc.a(lib_a-__atexit.o)
                              e:/master_folder/programs/altera/nios2eds/bin/gnu/h-x86_64-mingw32/bin/../lib/gcc/nios2-elf/4.8.3/../../../../../H-x86_64-mingw32/nios2-elf/lib/mno-hw-mul\libc.a(lib_a-atexit.o) (__register_exitproc)
e:/master_folder/programs/altera/nios2eds/bin/gnu/h-x86_64-mingw32/bin/../lib/gcc/nios2-elf/4.8.3/../../../../../H-x86_64-mingw32/nios2-elf/lib/mno-hw-mul\libc.a(lib_a-__call_atexit.o)
                              e:/master_folder/programs/altera/nios2eds/bin/gnu/h-x86_64-mingw32/bin/../lib/gcc/nios2-elf/4.8.3/../../../../../H-x86_64-mingw32/nios2-elf/lib/mno-hw-mul\libc.a(lib_a-exit.o) (__call_exitprocs)
e:/master_folder/programs/altera/nios2eds/bin/gnu/h-x86_64-mingw32/bin/../lib/gcc/nios2-elf/4.8.3/mno-hw-mul\libgcc.a(lib2-mul.o)
                              bsp/\libhal_bsp.a(alt_close.o) (__mulsi3)
bsp/\libhal_bsp.a(alt_exit.o)
                              e:/master_folder/programs/altera/nios2eds/bin/gnu/h-x86_64-mingw32/bin/../lib/gcc/nios2-elf/4.8.3/../../../../../H-x86_64-mingw32/nios2-elf/lib/mno-hw-mul\libc.a(lib_a-exit.o) (_exit)

Allocating common symbols
Common symbol       size              file

alt_irq             0x100             bsp/\libhal_bsp.a(alt_irq_handler.o)
errno               0x4               e:/master_folder/programs/altera/nios2eds/bin/gnu/h-x86_64-mingw32/bin/../lib/gcc/nios2-elf/4.8.3/../../../../../H-x86_64-mingw32/nios2-elf/lib/mno-hw-mul\libc.a(lib_a-int_errno.o)

Memory Configuration

Name             Origin             Length             Attributes
SDRAM            0x0000000000000000 0x0000000002000000
reset            0x0000000008000000 0x0000000000000020
Onchip_SRAM      0x0000000008000020 0x0000000000001fe0
Onchip_SRAM_2    0x0000000009000000 0x0000000000002000
*default*        0x0000000000000000 0xffffffffffffffff

Linker script and memory map

LOAD bsp//obj/HAL/src/crt0.o
LOAD obj/default/boot_code.o
LOAD e:/master_folder/programs/altera/nios2eds/bin/gnu/h-x86_64-mingw32/bin/../lib/gcc/nios2-elf/4.8.3/../../../../../H-x86_64-mingw32/nios2-elf/lib/mno-hw-mul\libstdc++.a
LOAD e:/master_folder/programs/altera/nios2eds/bin/gnu/h-x86_64-mingw32/bin/../lib/gcc/nios2-elf/4.8.3/../../../../../H-x86_64-mingw32/nios2-elf/lib/mno-hw-mul\libm.a
LOAD e:/master_folder/programs/altera/nios2eds/bin/gnu/h-x86_64-mingw32/bin/../lib/gcc/nios2-elf/4.8.3/mno-hw-mul\libgcc.a
START GROUP
LOAD e:/master_folder/programs/altera/nios2eds/bin/gnu/h-x86_64-mingw32/bin/../lib/gcc/nios2-elf/4.8.3/../../../../../H-x86_64-mingw32/nios2-elf/lib/mno-hw-mul\libc.a
LOAD e:/master_folder/programs/altera/nios2eds/bin/gnu/h-x86_64-mingw32/bin/../lib/gcc/nios2-elf/4.8.3/mno-hw-mul\libgcc.a
LOAD bsp/\libhal_bsp.a
END GROUP
LOAD e:/master_folder/programs/altera/nios2eds/bin/gnu/h-x86_64-mingw32/bin/../lib/gcc/nios2-elf/4.8.3/mno-hw-mul\libgcc.a
                0x0000000000000000                __alt_mem_SDRAM = 0x0
                0x0000000008000000                __alt_mem_Onchip_SRAM = 0x8000000
                0x0000000009000000                __alt_mem_Onchip_SRAM_2 = 0x9000000

.entry          0x0000000008000000       0x20
 *(.entry)
 .entry         0x0000000008000000       0x20 bsp//obj/HAL/src/crt0.o
                0x0000000008000000                __reset

.exceptions     0x0000000008000020      0x210 load address 0x0000000000000000
                0x0000000008000020                PROVIDE (__ram_exceptions_start, ABSOLUTE (.))
                0x0000000008000020                . = ALIGN (0x20)
 *(.irq)
 *(.exceptions.entry.label)
 .exceptions.entry.label
                0x0000000008000020        0x0 bsp/\libhal_bsp.a(alt_irq_entry.o)
                0x0000000008000020                alt_irq_entry
 .exceptions.entry.label
                0x0000000008000020        0x0 bsp/\libhal_bsp.a(alt_exception_entry.o)
                0x0000000008000020                alt_exception
 *(.exceptions.entry.user)
 *(.exceptions.entry.ecc_fatal)
 *(.exceptions.entry)
 .exceptions.entry
                0x0000000008000020       0x54 bsp/\libhal_bsp.a(alt_exception_entry.o)
 *(.exceptions.irqtest.user)
 *(.exceptions.irqtest)
 .exceptions.irqtest
                0x0000000008000074       0x10 bsp/\libhal_bsp.a(alt_irq_entry.o)
 *(.exceptions.irqhandler.user)
 *(.exceptions.irqhandler)
 .exceptions.irqhandler
                0x0000000008000084        0x4 bsp/\libhal_bsp.a(alt_irq_entry.o)
 *(.exceptions.irqreturn.user)
 *(.exceptions.irqreturn)
 .exceptions.irqreturn
                0x0000000008000088        0x4 bsp/\libhal_bsp.a(alt_irq_entry.o)
 *(.exceptions.notirq.label)
 .exceptions.notirq.label
                0x000000000800008c        0x0 bsp/\libhal_bsp.a(alt_irq_entry.o)
 *(.exceptions.notirq.user)
 *(.exceptions.notirq)
 .exceptions.notirq
                0x000000000800008c        0x8 bsp/\libhal_bsp.a(alt_exception_entry.o)
 *(.exceptions.soft.user)
 *(.exceptions.soft)
 *(.exceptions.unknown.user)
 *(.exceptions.unknown)
 .exceptions.unknown
                0x0000000008000094       0x14 bsp/\libhal_bsp.a(alt_exception_entry.o)
 *(.exceptions.exit.label)
 .exceptions.exit.label
                0x00000000080000a8        0x0 bsp/\libhal_bsp.a(alt_irq_entry.o)
 .exceptions.exit.label
                0x00000000080000a8        0x0 bsp/\libhal_bsp.a(alt_exception_entry.o)
 *(.exceptions.exit.user)
 *(.exceptions.exit)
 .exceptions.exit
                0x00000000080000a8       0x54 bsp/\libhal_bsp.a(alt_exception_entry.o)
 *(.exceptions)
 .exceptions    0x00000000080000fc       0xd4 bsp/\libhal_bsp.a(alt_irq_handler.o)
                0x00000000080000fc                alt_irq_handler
 .exceptions    0x00000000080001d0       0x60 bsp/\libhal_bsp.a(alt_instruction_exception_entry.o)
                0x00000000080001d0                alt_instruction_exception_entry
                0x0000000008000230                PROVIDE (__ram_exceptions_end, ABSOLUTE (.))
                0x0000000000000000                PROVIDE (__flash_exceptions_start, LOADADDR (.exceptions))

.text           0x0000000000000210     0x2478
                0x0000000000000210                PROVIDE (stext, ABSOLUTE (.))
 *(.interp)
 *(.hash)
 *(.dynsym)
 *(.dynstr)
 *(.gnu.version)
 *(.gnu.version_d)
 *(.gnu.version_r)
 *(.rel.init)
 *(.rela.init)
 *(.rel.text .rel.text.* .rel.gnu.linkonce.t.*)
 *(.rela.text .rela.text.* .rela.gnu.linkonce.t.*)
 *(.rel.fini)
 *(.rela.fini)
 *(.rel.rodata .rel.rodata.* .rel.gnu.linkonce.r.*)
 *(.rela.rodata .rela.rodata.* .rela.gnu.linkonce.r.*)
 *(.rel.data .rel.data.* .rel.gnu.linkonce.d.*)
 *(.rela.data .rela.data.* .rela.gnu.linkonce.d.*)
 *(.rel.tdata .rel.tdata.* .rel.gnu.linkonce.td.*)
 *(.rela.tdata .rela.tdata.* .rela.gnu.linkonce.td.*)
 *(.rel.tbss .rel.tbss.* .rel.gnu.linkonce.tb.*)
 *(.rela.tbss .rela.tbss.* .rela.gnu.linkonce.tb.*)
 *(.rel.ctors)
 *(.rela.ctors)
 *(.rel.dtors)
 *(.rela.dtors)
 *(.rel.got)
 *(.rela.got)
 *(.rel.sdata .rel.sdata.* .rel.gnu.linkonce.s.*)
 *(.rela.sdata .rela.sdata.* .rela.gnu.linkonce.s.*)
 *(.rel.sbss .rel.sbss.* .rel.gnu.linkonce.sb.*)
 *(.rela.sbss .rela.sbss.* .rela.gnu.linkonce.sb.*)
 *(.rel.sdata2 .rel.sdata2.* .rel.gnu.linkonce.s2.*)
 *(.rela.sdata2 .rela.sdata2.* .rela.gnu.linkonce.s2.*)
 *(.rel.sbss2 .rel.sbss2.* .rel.gnu.linkonce.sb2.*)
 *(.rela.sbss2 .rela.sbss2.* .rela.gnu.linkonce.sb2.*)
 *(.rel.bss .rel.bss.* .rel.gnu.linkonce.b.*)
 *(.rela.bss .rela.bss.* .rela.gnu.linkonce.b.*)
 *(.rel.plt)
 *(.rela.plt)
 *(.rel.dyn)
 *(.init)
 *(.plt)
 *(.text .stub .text.* .gnu.linkonce.t.*)
 .text          0x0000000000000210       0x3c bsp//obj/HAL/src/crt0.o
                0x0000000000000210                _start
 .text          0x000000000000024c      0x1b4 obj/default/boot_code.o
                0x000000000000024c                main
                0x0000000000000364                sweep
 .text          0x0000000000000400       0xe4 bsp/\libhal_bsp.a(alt_load.o)
                0x0000000000000464                alt_load
 .text          0x00000000000004e4       0x78 bsp/\libhal_bsp.a(alt_main.o)
                0x00000000000004e4                alt_main
 .text          0x000000000000055c      0x120 bsp/\libhal_bsp.a(alt_sys_init.o)
                0x0000000000000594                alt_irq_init
                0x00000000000005c8                alt_sys_init
 .text          0x000000000000067c      0x164 bsp/\libhal_bsp.a(altera_avalon_jtag_uart_fd.o)
                0x000000000000067c                altera_avalon_jtag_uart_read_fd
                0x00000000000006dc                altera_avalon_jtag_uart_write_fd
                0x000000000000073c                altera_avalon_jtag_uart_close_fd
                0x000000000000078c                altera_avalon_jtag_uart_ioctl_fd
 .text          0x00000000000007e0      0x3c0 bsp/\libhal_bsp.a(altera_avalon_jtag_uart_init.o)
                0x00000000000007e0                altera_avalon_jtag_uart_init
                0x0000000000000b38                altera_avalon_jtag_uart_close
 .text          0x0000000000000ba0       0xec bsp/\libhal_bsp.a(altera_avalon_jtag_uart_ioctl.o)
                0x0000000000000ba0                altera_avalon_jtag_uart_ioctl
 .text          0x0000000000000c8c      0x208 bsp/\libhal_bsp.a(altera_avalon_jtag_uart_read.o)
                0x0000000000000c8c                altera_avalon_jtag_uart_read
 .text          0x0000000000000e94      0x218 bsp/\libhal_bsp.a(altera_avalon_jtag_uart_write.o)
                0x0000000000000e94                altera_avalon_jtag_uart_write
 .text          0x00000000000010ac       0xf8 bsp/\libhal_bsp.a(altera_avalon_timer_sc.o)
                0x0000000000001124                alt_avalon_timer_sc_init
 .text          0x00000000000011a4      0x140 bsp/\libhal_bsp.a(alt_alarm_start.o)
                0x00000000000011a4                alt_alarm_start
 .text          0x00000000000012e4      0x120 bsp/\libhal_bsp.a(alt_close.o)
                0x0000000000001334                close
 .text          0x0000000000001404       0x1c bsp/\libhal_bsp.a(alt_dcache_flush_all.o)
                0x0000000000001404                alt_dcache_flush_all
 .text          0x0000000000001420       0x2c bsp/\libhal_bsp.a(alt_dev.o)
 .text          0x000000000000144c       0xf0 bsp/\libhal_bsp.a(alt_dev_llist_insert.o)
                0x000000000000149c                alt_dev_llist_insert
 .text          0x000000000000153c       0x5c bsp/\libhal_bsp.a(alt_do_ctors.o)
                0x000000000000153c                _do_ctors
 .text          0x0000000000001598       0x5c bsp/\libhal_bsp.a(alt_do_dtors.o)
                0x0000000000001598                _do_dtors
 .text          0x00000000000015f4        0x0 bsp/\libhal_bsp.a(alt_errno.o)
 .text          0x00000000000015f4       0x1c bsp/\libhal_bsp.a(alt_icache_flush_all.o)
                0x00000000000015f4                alt_icache_flush_all
 .text          0x0000000000001610      0x158 bsp/\libhal_bsp.a(alt_io_redirect.o)
                0x00000000000016f0                alt_io_redirect
 .text          0x0000000000001768      0x1b0 bsp/\libhal_bsp.a(alt_irq_register.o)
                0x0000000000001768                alt_irq_register
 .text          0x0000000000001918        0x0 bsp/\libhal_bsp.a(alt_irq_vars.o)
 .text          0x0000000000001918      0x2a0 bsp/\libhal_bsp.a(alt_open.o)
                0x0000000000001a5c                open
 .text          0x0000000000001bb8       0x80 bsp/\libhal_bsp.a(alt_release_fd.o)
                0x0000000000001bb8                alt_release_fd
 .text          0x0000000000001c38      0x19c bsp/\libhal_bsp.a(alt_tick.o)
                0x0000000000001c38                alt_alarm_stop
                0x0000000000001cd0                alt_tick
 .text          0x0000000000001dd4       0x20 bsp/\libhal_bsp.a(altera_nios2_gen2_irq.o)
                0x0000000000001dd4                altera_nios2_gen2_irq_init
 .text          0x0000000000001df4       0x90 bsp/\libhal_bsp.a(alt_find_dev.o)
                0x0000000000001df4                alt_find_dev
 .text          0x0000000000001e84      0x114 bsp/\libhal_bsp.a(alt_find_file.o)
                0x0000000000001e84                alt_find_file
 .text          0x0000000000001f98       0xd4 bsp/\libhal_bsp.a(alt_get_fd.o)
                0x0000000000001f98                alt_get_fd
 .text          0x000000000000206c        0x0 bsp/\libhal_bsp.a(alt_irq_entry.o)
 .text          0x000000000000206c        0x0 bsp/\libhal_bsp.a(alt_irq_handler.o)
 .text          0x000000000000206c        0x0 bsp/\libhal_bsp.a(alt_exception_entry.o)
 .text          0x000000000000206c       0xa0 bsp/\libhal_bsp.a(alt_instruction_exception_entry.o)
                0x000000000000206c                alt_exception_cause_generated_bad_addr
 .text          0x000000000000210c       0x14 e:/master_folder/programs/altera/nios2eds/bin/gnu/h-x86_64-mingw32/bin/../lib/gcc/nios2-elf/4.8.3/../../../../../H-x86_64-mingw32/nios2-elf/lib/mno-hw-mul\libc.a(lib_a-atexit.o)
                0x000000000000210c                atexit
 .text          0x0000000000002120       0x38 e:/master_folder/programs/altera/nios2eds/bin/gnu/h-x86_64-mingw32/bin/../lib/gcc/nios2-elf/4.8.3/../../../../../H-x86_64-mingw32/nios2-elf/lib/mno-hw-mul\libc.a(lib_a-exit.o)
                0x0000000000002120                exit
 .text          0x0000000000002158        0x0 e:/master_folder/programs/altera/nios2eds/bin/gnu/h-x86_64-mingw32/bin/../lib/gcc/nios2-elf/4.8.3/../../../../../H-x86_64-mingw32/nios2-elf/lib/mno-hw-mul\libc.a(lib_a-impure.o)
 .text          0x0000000000002158        0x0 e:/master_folder/programs/altera/nios2eds/bin/gnu/h-x86_64-mingw32/bin/../lib/gcc/nios2-elf/4.8.3/../../../../../H-x86_64-mingw32/nios2-elf/lib/mno-hw-mul\libc.a(lib_a-int_errno.o)
 .text          0x0000000000002158       0x7c e:/master_folder/programs/altera/nios2eds/bin/gnu/h-x86_64-mingw32/bin/../lib/gcc/nios2-elf/4.8.3/../../../../../H-x86_64-mingw32/nios2-elf/lib/mno-hw-mul\libc.a(lib_a-memcmp.o)
                0x0000000000002158                memcmp
 .text          0x00000000000021d4      0x10c e:/master_folder/programs/altera/nios2eds/bin/gnu/h-x86_64-mingw32/bin/../lib/gcc/nios2-elf/4.8.3/../../../../../H-x86_64-mingw32/nios2-elf/lib/mno-hw-mul\libc.a(lib_a-memcpy.o)
                0x00000000000021d4                memcpy
 .text          0x00000000000022e0       0x8c e:/master_folder/programs/altera/nios2eds/bin/gnu/h-x86_64-mingw32/bin/../lib/gcc/nios2-elf/4.8.3/../../../../../H-x86_64-mingw32/nios2-elf/lib/mno-hw-mul\libc.a(lib_a-strlen.o)
                0x00000000000022e0                strlen
 .text          0x000000000000236c      0x11c e:/master_folder/programs/altera/nios2eds/bin/gnu/h-x86_64-mingw32/bin/../lib/gcc/nios2-elf/4.8.3/../../../../../H-x86_64-mingw32/nios2-elf/lib/mno-hw-mul\libc.a(lib_a-__atexit.o)
                0x000000000000236c                __register_exitproc
 .text          0x0000000000002488      0x1a4 e:/master_folder/programs/altera/nios2eds/bin/gnu/h-x86_64-mingw32/bin/../lib/gcc/nios2-elf/4.8.3/../../../../../H-x86_64-mingw32/nios2-elf/lib/mno-hw-mul\libc.a(lib_a-__call_atexit.o)
                0x0000000000002488                __call_exitprocs
 .text          0x000000000000262c       0x28 e:/master_folder/programs/altera/nios2eds/bin/gnu/h-x86_64-mingw32/bin/../lib/gcc/nios2-elf/4.8.3/mno-hw-mul\libgcc.a(lib2-mul.o)
                0x000000000000262c                __mulsi3
 .text          0x0000000000002654       0x34 bsp/\libhal_bsp.a(alt_exit.o)
                0x0000000000002654                _exit
 *(.gnu.warning.*)
 *(.fini)
                0x0000000000002688                PROVIDE (__etext, ABSOLUTE (.))
                0x0000000000002688                PROVIDE (_etext, ABSOLUTE (.))
                0x0000000000002688                PROVIDE (etext, ABSOLUTE (.))
 *(.eh_frame_hdr)
                0x0000000000002688                . = ALIGN (0x4)
                0x0000000000002688                PROVIDE (__preinit_array_start, ABSOLUTE (.))
 *(.preinit_array)
                0x0000000000002688                PROVIDE (__preinit_array_end, ABSOLUTE (.))
                0x0000000000002688                PROVIDE (__init_array_start, ABSOLUTE (.))
 *(.init_array)
                0x0000000000002688                PROVIDE (__init_array_end, ABSOLUTE (.))
                0x0000000000002688                PROVIDE (__fini_array_start, ABSOLUTE (.))
 *(.fini_array)
                0x0000000000002688                PROVIDE (__fini_array_end, ABSOLUTE (.))
 *(.eh_frame)
 *(.gcc_except_table .gcc_except_table.*)
 *(.dynamic)
                0x0000000000002688                PROVIDE (__CTOR_LIST__, ABSOLUTE (.))
 *(.ctors)
 *(SORT(.ctors.*))
                0x0000000000002688                PROVIDE (__CTOR_END__, ABSOLUTE (.))
                0x0000000000002688                PROVIDE (__DTOR_LIST__, ABSOLUTE (.))
 *(.dtors)
 *(SORT(.dtors.*))
                0x0000000000002688                PROVIDE (__DTOR_END__, ABSOLUTE (.))
 *(.jcr)
                0x0000000000002688                . = ALIGN (0x4)

.rodata         0x0000000000002688       0xbc
                0x0000000000002688                PROVIDE (__ram_rodata_start, ABSOLUTE (.))
                0x0000000000002688                . = ALIGN (0x4)
 *(.rodata .rodata.* .gnu.linkonce.r.*)
 .rodata        0x0000000000002688       0x10 bsp/\libhal_bsp.a(alt_main.o)
 .rodata        0x0000000000002698       0x9c bsp/\libhal_bsp.a(alt_sys_init.o)
 .rodata        0x0000000000002734        0xc bsp/\libhal_bsp.a(alt_dev.o)
 .rodata.str1.4
                0x0000000000002740        0x4 e:/master_folder/programs/altera/nios2eds/bin/gnu/h-x86_64-mingw32/bin/../lib/gcc/nios2-elf/4.8.3/../../../../../H-x86_64-mingw32/nios2-elf/lib/mno-hw-mul\libc.a(lib_a-impure.o)
 *(.rodata1)
                0x0000000000002744                . = ALIGN (0x4)
                0x0000000000002744                PROVIDE (__ram_rodata_end, ABSOLUTE (.))
                0x0000000000002688                PROVIDE (__flash_rodata_start, LOADADDR (.rodata))

.rwdata         0x0000000000002744     0x178c load address 0x0000000000003ed0
                0x0000000000002744                PROVIDE (__ram_rwdata_start, ABSOLUTE (.))
                0x0000000000002744                . = ALIGN (0x4)
 *(.got.plt)
 *(.got)
 *(.data1)
 *(.data .data.* .gnu.linkonce.d.*)
 .data          0x0000000000002744        0x0 bsp//obj/HAL/src/crt0.o
 .data          0x0000000000002744        0x0 obj/default/boot_code.o
 .data          0x0000000000002744        0x0 bsp/\libhal_bsp.a(alt_load.o)
 .data          0x0000000000002744        0x0 bsp/\libhal_bsp.a(alt_main.o)
 .data          0x0000000000002744     0x1194 bsp/\libhal_bsp.a(alt_sys_init.o)
 .data          0x00000000000038d8        0x0 bsp/\libhal_bsp.a(altera_avalon_jtag_uart_fd.o)
 .data          0x00000000000038d8        0x0 bsp/\libhal_bsp.a(altera_avalon_jtag_uart_init.o)
 .data          0x00000000000038d8        0x0 bsp/\libhal_bsp.a(altera_avalon_jtag_uart_ioctl.o)
 .data          0x00000000000038d8        0x0 bsp/\libhal_bsp.a(altera_avalon_jtag_uart_read.o)
 .data          0x00000000000038d8        0x0 bsp/\libhal_bsp.a(altera_avalon_jtag_uart_write.o)
 .data          0x00000000000038d8        0x0 bsp/\libhal_bsp.a(altera_avalon_timer_sc.o)
 .data          0x00000000000038d8        0x0 bsp/\libhal_bsp.a(alt_alarm_start.o)
 .data          0x00000000000038d8        0x0 bsp/\libhal_bsp.a(alt_close.o)
 .data          0x00000000000038d8        0x0 bsp/\libhal_bsp.a(alt_dcache_flush_all.o)
 .data          0x00000000000038d8      0x1a8 bsp/\libhal_bsp.a(alt_dev.o)
                0x00000000000038d8                alt_dev_null
                0x0000000000003900                alt_fd_list
 .data          0x0000000000003a80        0x0 bsp/\libhal_bsp.a(alt_dev_llist_insert.o)
 .data          0x0000000000003a80        0x0 bsp/\libhal_bsp.a(alt_do_ctors.o)
 .data          0x0000000000003a80        0x0 bsp/\libhal_bsp.a(alt_do_dtors.o)
 .data          0x0000000000003a80        0x0 bsp/\libhal_bsp.a(alt_errno.o)
 .data          0x0000000000003a80        0x0 bsp/\libhal_bsp.a(alt_icache_flush_all.o)
 .data          0x0000000000003a80        0x0 bsp/\libhal_bsp.a(alt_io_redirect.o)
 .data          0x0000000000003a80        0x0 bsp/\libhal_bsp.a(alt_irq_register.o)
 .data          0x0000000000003a80        0x0 bsp/\libhal_bsp.a(alt_irq_vars.o)
 .data          0x0000000000003a80        0x0 bsp/\libhal_bsp.a(alt_open.o)
 .data          0x0000000000003a80        0x0 bsp/\libhal_bsp.a(alt_release_fd.o)
 .data          0x0000000000003a80        0x0 bsp/\libhal_bsp.a(alt_tick.o)
 .data          0x0000000000003a80        0x0 bsp/\libhal_bsp.a(altera_nios2_gen2_irq.o)
 .data          0x0000000000003a80        0x0 bsp/\libhal_bsp.a(alt_find_dev.o)
 .data          0x0000000000003a80        0x0 bsp/\libhal_bsp.a(alt_find_file.o)
 .data          0x0000000000003a80        0x0 bsp/\libhal_bsp.a(alt_get_fd.o)
 .data          0x0000000000003a80        0x0 bsp/\libhal_bsp.a(alt_irq_entry.o)
 .data          0x0000000000003a80        0x0 bsp/\libhal_bsp.a(alt_irq_handler.o)
 .data          0x0000000000003a80        0x0 bsp/\libhal_bsp.a(alt_exception_entry.o)
 .data          0x0000000000003a80        0x0 bsp/\libhal_bsp.a(alt_instruction_exception_entry.o)
 .data          0x0000000000003a80        0x0 e:/master_folder/programs/altera/nios2eds/bin/gnu/h-x86_64-mingw32/bin/../lib/gcc/nios2-elf/4.8.3/../../../../../H-x86_64-mingw32/nios2-elf/lib/mno-hw-mul\libc.a(lib_a-atexit.o)
 .data          0x0000000000003a80        0x0 e:/master_folder/programs/altera/nios2eds/bin/gnu/h-x86_64-mingw32/bin/../lib/gcc/nios2-elf/4.8.3/../../../../../H-x86_64-mingw32/nios2-elf/lib/mno-hw-mul\libc.a(lib_a-exit.o)
 .data          0x0000000000003a80      0x424 e:/master_folder/programs/altera/nios2eds/bin/gnu/h-x86_64-mingw32/bin/../lib/gcc/nios2-elf/4.8.3/../../../../../H-x86_64-mingw32/nios2-elf/lib/mno-hw-mul\libc.a(lib_a-impure.o)
 .data          0x0000000000003ea4        0x0 e:/master_folder/programs/altera/nios2eds/bin/gnu/h-x86_64-mingw32/bin/../lib/gcc/nios2-elf/4.8.3/../../../../../H-x86_64-mingw32/nios2-elf/lib/mno-hw-mul\libc.a(lib_a-int_errno.o)
 .data          0x0000000000003ea4        0x0 e:/master_folder/programs/altera/nios2eds/bin/gnu/h-x86_64-mingw32/bin/../lib/gcc/nios2-elf/4.8.3/../../../../../H-x86_64-mingw32/nios2-elf/lib/mno-hw-mul\libc.a(lib_a-memcmp.o)
 .data          0x0000000000003ea4        0x0 e:/master_folder/programs/altera/nios2eds/bin/gnu/h-x86_64-mingw32/bin/../lib/gcc/nios2-elf/4.8.3/../../../../../H-x86_64-mingw32/nios2-elf/lib/mno-hw-mul\libc.a(lib_a-memcpy.o)
 .data          0x0000000000003ea4        0x0 e:/master_folder/programs/altera/nios2eds/bin/gnu/h-x86_64-mingw32/bin/../lib/gcc/nios2-elf/4.8.3/../../../../../H-x86_64-mingw32/nios2-elf/lib/mno-hw-mul\libc.a(lib_a-strlen.o)
 .data          0x0000000000003ea4        0x0 e:/master_folder/programs/altera/nios2eds/bin/gnu/h-x86_64-mingw32/bin/../lib/gcc/nios2-elf/4.8.3/../../../../../H-x86_64-mingw32/nios2-elf/lib/mno-hw-mul\libc.a(lib_a-__atexit.o)
 .data          0x0000000000003ea4        0x0 e:/master_folder/programs/altera/nios2eds/bin/gnu/h-x86_64-mingw32/bin/../lib/gcc/nios2-elf/4.8.3/../../../../../H-x86_64-mingw32/nios2-elf/lib/mno-hw-mul\libc.a(lib_a-__call_atexit.o)
 .data          0x0000000000003ea4        0x0 e:/master_folder/programs/altera/nios2eds/bin/gnu/h-x86_64-mingw32/bin/../lib/gcc/nios2-elf/4.8.3/mno-hw-mul\libgcc.a(lib2-mul.o)
 .data          0x0000000000003ea4        0x0 bsp/\libhal_bsp.a(alt_exit.o)
                0x000000000000bea4                _gp = ABSOLUTE ((. + 0x8000))
                0x000000000000bea4                PROVIDE (gp, _gp)
 *(.rwdata .rwdata.*)
 *(.sdata .sdata.* .gnu.linkonce.s.*)
 .sdata         0x0000000000003ea4       0x14 bsp/\libhal_bsp.a(alt_dev.o)
                0x0000000000003ea4                alt_fs_list
                0x0000000000003eac                alt_dev_list
                0x0000000000003eb4                alt_max_fd
 .sdata         0x0000000000003eb8        0x4 bsp/\libhal_bsp.a(alt_errno.o)
                0x0000000000003eb8                alt_errno
 .sdata         0x0000000000003ebc        0x4 bsp/\libhal_bsp.a(alt_irq_vars.o)
                0x0000000000003ebc                alt_priority_mask
 .sdata         0x0000000000003ec0        0x8 bsp/\libhal_bsp.a(alt_tick.o)
                0x0000000000003ec0                alt_alarm_list
 .sdata         0x0000000000003ec8        0x8 e:/master_folder/programs/altera/nios2eds/bin/gnu/h-x86_64-mingw32/bin/../lib/gcc/nios2-elf/4.8.3/../../../../../H-x86_64-mingw32/nios2-elf/lib/mno-hw-mul\libc.a(lib_a-impure.o)
                0x0000000000003ec8                _global_impure_ptr
                0x0000000000003ecc                _impure_ptr
 *(.sdata2 .sdata2.* .gnu.linkonce.s2.*)
                0x0000000000003ed0                . = ALIGN (0x4)
                0x0000000000003ed0                _edata = ABSOLUTE (.)
                0x0000000000003ed0                PROVIDE (edata, ABSOLUTE (.))
                0x0000000000003ed0                PROVIDE (__ram_rwdata_end, ABSOLUTE (.))
                0x0000000000003ed0                PROVIDE (__flash_rwdata_start, LOADADDR (.rwdata))

.bss            0x000000000000565c      0x120
                0x000000000000565c                __bss_start = ABSOLUTE (.)
                0x000000000000565c                PROVIDE (__sbss_start, ABSOLUTE (.))
                0x000000000000565c                PROVIDE (___sbss_start, ABSOLUTE (.))
 *(.dynsbss)
 *(.sbss .sbss.* .gnu.linkonce.sb.*)
 .sbss          0x000000000000565c        0xc bsp/\libhal_bsp.a(alt_main.o)
                0x000000000000565c                alt_argc
                0x0000000000005660                alt_argv
                0x0000000000005664                alt_envp
 .sbss          0x0000000000005668        0x4 bsp/\libhal_bsp.a(alt_irq_vars.o)
                0x0000000000005668                alt_irq_active
 .sbss          0x000000000000566c        0x8 bsp/\libhal_bsp.a(alt_tick.o)
                0x000000000000566c                _alt_tick_rate
                0x0000000000005670                _alt_nticks
 .sbss          0x0000000000005674        0x4 bsp/\libhal_bsp.a(alt_instruction_exception_entry.o)
                0x0000000000005674                alt_instruction_exception_handler
 .sbss          0x0000000000005678        0x4 e:/master_folder/programs/altera/nios2eds/bin/gnu/h-x86_64-mingw32/bin/../lib/gcc/nios2-elf/4.8.3/../../../../../H-x86_64-mingw32/nios2-elf/lib/mno-hw-mul\libc.a(lib_a-int_errno.o)
                0x0000000000005678                errno
 *(.sbss2 .sbss2.* .gnu.linkonce.sb2.*)
 *(.scommon)
                0x000000000000567c                PROVIDE (__sbss_end, ABSOLUTE (.))
                0x000000000000567c                PROVIDE (___sbss_end, ABSOLUTE (.))
 *(.dynbss)
 *(.bss .bss.* .gnu.linkonce.b.*)
 .bss           0x000000000000567c        0x0 bsp//obj/HAL/src/crt0.o
 .bss           0x000000000000567c        0x0 obj/default/boot_code.o
 .bss           0x000000000000567c        0x0 bsp/\libhal_bsp.a(alt_load.o)
 .bss           0x000000000000567c        0x0 bsp/\libhal_bsp.a(alt_main.o)
 .bss           0x000000000000567c        0x0 bsp/\libhal_bsp.a(alt_sys_init.o)
 .bss           0x000000000000567c        0x0 bsp/\libhal_bsp.a(altera_avalon_jtag_uart_fd.o)
 .bss           0x000000000000567c        0x0 bsp/\libhal_bsp.a(altera_avalon_jtag_uart_init.o)
 .bss           0x000000000000567c        0x0 bsp/\libhal_bsp.a(altera_avalon_jtag_uart_ioctl.o)
 .bss           0x000000000000567c        0x0 bsp/\libhal_bsp.a(altera_avalon_jtag_uart_read.o)
 .bss           0x000000000000567c        0x0 bsp/\libhal_bsp.a(altera_avalon_jtag_uart_write.o)
 .bss           0x000000000000567c        0x0 bsp/\libhal_bsp.a(altera_avalon_timer_sc.o)
 .bss           0x000000000000567c        0x0 bsp/\libhal_bsp.a(alt_alarm_start.o)
 .bss           0x000000000000567c        0x0 bsp/\libhal_bsp.a(alt_close.o)
 .bss           0x000000000000567c        0x0 bsp/\libhal_bsp.a(alt_dcache_flush_all.o)
 .bss           0x000000000000567c        0x0 bsp/\libhal_bsp.a(alt_dev.o)
 .bss           0x000000000000567c        0x0 bsp/\libhal_bsp.a(alt_dev_llist_insert.o)
 .bss           0x000000000000567c        0x0 bsp/\libhal_bsp.a(alt_do_ctors.o)
 .bss           0x000000000000567c        0x0 bsp/\libhal_bsp.a(alt_do_dtors.o)
 .bss           0x000000000000567c        0x0 bsp/\libhal_bsp.a(alt_errno.o)
 .bss           0x000000000000567c        0x0 bsp/\libhal_bsp.a(alt_icache_flush_all.o)
 .bss           0x000000000000567c        0x0 bsp/\libhal_bsp.a(alt_io_redirect.o)
 .bss           0x000000000000567c        0x0 bsp/\libhal_bsp.a(alt_irq_register.o)
 .bss           0x000000000000567c        0x0 bsp/\libhal_bsp.a(alt_irq_vars.o)
 .bss           0x000000000000567c        0x0 bsp/\libhal_bsp.a(alt_open.o)
 .bss           0x000000000000567c        0x0 bsp/\libhal_bsp.a(alt_release_fd.o)
 .bss           0x000000000000567c        0x0 bsp/\libhal_bsp.a(alt_tick.o)
 .bss           0x000000000000567c        0x0 bsp/\libhal_bsp.a(altera_nios2_gen2_irq.o)
 .bss           0x000000000000567c        0x0 bsp/\libhal_bsp.a(alt_find_dev.o)
 .bss           0x000000000000567c        0x0 bsp/\libhal_bsp.a(alt_find_file.o)
 .bss           0x000000000000567c        0x0 bsp/\libhal_bsp.a(alt_get_fd.o)
 .bss           0x000000000000567c        0x0 bsp/\libhal_bsp.a(alt_irq_entry.o)
 .bss           0x000000000000567c        0x0 bsp/\libhal_bsp.a(alt_irq_handler.o)
 .bss           0x000000000000567c        0x0 bsp/\libhal_bsp.a(alt_exception_entry.o)
 .bss           0x000000000000567c        0x0 bsp/\libhal_bsp.a(alt_instruction_exception_entry.o)
 .bss           0x000000000000567c        0x0 e:/master_folder/programs/altera/nios2eds/bin/gnu/h-x86_64-mingw32/bin/../lib/gcc/nios2-elf/4.8.3/../../../../../H-x86_64-mingw32/nios2-elf/lib/mno-hw-mul\libc.a(lib_a-atexit.o)
 .bss           0x000000000000567c        0x0 e:/master_folder/programs/altera/nios2eds/bin/gnu/h-x86_64-mingw32/bin/../lib/gcc/nios2-elf/4.8.3/../../../../../H-x86_64-mingw32/nios2-elf/lib/mno-hw-mul\libc.a(lib_a-exit.o)
 .bss           0x000000000000567c        0x0 e:/master_folder/programs/altera/nios2eds/bin/gnu/h-x86_64-mingw32/bin/../lib/gcc/nios2-elf/4.8.3/../../../../../H-x86_64-mingw32/nios2-elf/lib/mno-hw-mul\libc.a(lib_a-impure.o)
 .bss           0x000000000000567c        0x0 e:/master_folder/programs/altera/nios2eds/bin/gnu/h-x86_64-mingw32/bin/../lib/gcc/nios2-elf/4.8.3/../../../../../H-x86_64-mingw32/nios2-elf/lib/mno-hw-mul\libc.a(lib_a-int_errno.o)
 .bss           0x000000000000567c        0x0 e:/master_folder/programs/altera/nios2eds/bin/gnu/h-x86_64-mingw32/bin/../lib/gcc/nios2-elf/4.8.3/../../../../../H-x86_64-mingw32/nios2-elf/lib/mno-hw-mul\libc.a(lib_a-memcmp.o)
 .bss           0x000000000000567c        0x0 e:/master_folder/programs/altera/nios2eds/bin/gnu/h-x86_64-mingw32/bin/../lib/gcc/nios2-elf/4.8.3/../../../../../H-x86_64-mingw32/nios2-elf/lib/mno-hw-mul\libc.a(lib_a-memcpy.o)
 .bss           0x000000000000567c        0x0 e:/master_folder/programs/altera/nios2eds/bin/gnu/h-x86_64-mingw32/bin/../lib/gcc/nios2-elf/4.8.3/../../../../../H-x86_64-mingw32/nios2-elf/lib/mno-hw-mul\libc.a(lib_a-strlen.o)
 .bss           0x000000000000567c        0x0 e:/master_folder/programs/altera/nios2eds/bin/gnu/h-x86_64-mingw32/bin/../lib/gcc/nios2-elf/4.8.3/../../../../../H-x86_64-mingw32/nios2-elf/lib/mno-hw-mul\libc.a(lib_a-__atexit.o)
 .bss           0x000000000000567c        0x0 e:/master_folder/programs/altera/nios2eds/bin/gnu/h-x86_64-mingw32/bin/../lib/gcc/nios2-elf/4.8.3/../../../../../H-x86_64-mingw32/nios2-elf/lib/mno-hw-mul\libc.a(lib_a-__call_atexit.o)
 .bss           0x000000000000567c        0x0 e:/master_folder/programs/altera/nios2eds/bin/gnu/h-x86_64-mingw32/bin/../lib/gcc/nios2-elf/4.8.3/mno-hw-mul\libgcc.a(lib2-mul.o)
 .bss           0x000000000000567c        0x0 bsp/\libhal_bsp.a(alt_exit.o)
 *(COMMON)
 COMMON         0x000000000000567c      0x100 bsp/\libhal_bsp.a(alt_irq_handler.o)
                0x000000000000567c                alt_irq
                0x000000000000577c                . = ALIGN (0x4)
                0x000000000000577c                __bss_end = ABSOLUTE (.)

.SDRAM          0x000000000000577c        0x0
                0x000000000000577c                PROVIDE (_alt_partition_SDRAM_start, ABSOLUTE (.))
 *(.SDRAM .SDRAM. SDRAM.*)
                0x000000000000577c                . = ALIGN (0x4)
                0x000000000000577c                PROVIDE (_alt_partition_SDRAM_end, ABSOLUTE (.))
                0x000000000000577c                _end = ABSOLUTE (.)
                0x000000000000577c                end = ABSOLUTE (.)
                0x000000000000577c                __alt_stack_base = ABSOLUTE (.)
                0x000000000000577c                PROVIDE (_alt_partition_SDRAM_load_addr, LOADADDR (.SDRAM))

.Onchip_SRAM    0x0000000008000230        0x0 load address 0x000000000000577c
                0x0000000008000230                PROVIDE (_alt_partition_Onchip_SRAM_start, ABSOLUTE (.))
 *(.Onchip_SRAM .Onchip_SRAM. Onchip_SRAM.*)
                0x0000000008000230                . = ALIGN (0x4)
                0x0000000008000230                PROVIDE (_alt_partition_Onchip_SRAM_end, ABSOLUTE (.))
                0x000000000000577c                PROVIDE (_alt_partition_Onchip_SRAM_load_addr, LOADADDR (.Onchip_SRAM))

.Onchip_SRAM_2  0x0000000009000000        0x0 load address 0x000000000000577c
                0x0000000009000000                PROVIDE (_alt_partition_Onchip_SRAM_2_start, ABSOLUTE (.))
 *(.Onchip_SRAM_2 .Onchip_SRAM_2. Onchip_SRAM_2.*)
                0x0000000009000000                . = ALIGN (0x4)
                0x0000000009000000                PROVIDE (_alt_partition_Onchip_SRAM_2_end, ABSOLUTE (.))
                0x000000000000577c                PROVIDE (_alt_partition_Onchip_SRAM_2_load_addr, LOADADDR (.Onchip_SRAM_2))

.stab
 *(.stab)

.stabstr
 *(.stabstr)

.stab.excl
 *(.stab.excl)

.stab.exclstr
 *(.stab.exclstr)

.stab.index
 *(.stab.index)

.stab.indexstr
 *(.stab.indexstr)

.comment        0x0000000000000000       0x39
 *(.comment)
 .comment       0x0000000000000000       0x39 obj/default/boot_code.o
                                         0x3a (size before relaxing)
 .comment       0x0000000000000000       0x3a bsp/\libhal_bsp.a(alt_load.o)
 .comment       0x0000000000000000       0x3a bsp/\libhal_bsp.a(alt_main.o)
 .comment       0x0000000000000000       0x3a bsp/\libhal_bsp.a(alt_sys_init.o)
 .comment       0x0000000000000000       0x3a bsp/\libhal_bsp.a(altera_avalon_jtag_uart_fd.o)
 .comment       0x0000000000000000       0x3a bsp/\libhal_bsp.a(altera_avalon_jtag_uart_init.o)
 .comment       0x0000000000000000       0x3a bsp/\libhal_bsp.a(altera_avalon_jtag_uart_ioctl.o)
 .comment       0x0000000000000000       0x3a bsp/\libhal_bsp.a(altera_avalon_jtag_uart_read.o)
 .comment       0x0000000000000000       0x3a bsp/\libhal_bsp.a(altera_avalon_jtag_uart_write.o)
 .comment       0x0000000000000000       0x3a bsp/\libhal_bsp.a(altera_avalon_timer_sc.o)
 .comment       0x0000000000000000       0x3a bsp/\libhal_bsp.a(alt_alarm_start.o)
 .comment       0x0000000000000000       0x3a bsp/\libhal_bsp.a(alt_close.o)
 .comment       0x0000000000000000       0x3a bsp/\libhal_bsp.a(alt_dcache_flush_all.o)
 .comment       0x0000000000000000       0x3a bsp/\libhal_bsp.a(alt_dev.o)
 .comment       0x0000000000000000       0x3a bsp/\libhal_bsp.a(alt_dev_llist_insert.o)
 .comment       0x0000000000000000       0x3a bsp/\libhal_bsp.a(alt_do_ctors.o)
 .comment       0x0000000000000000       0x3a bsp/\libhal_bsp.a(alt_do_dtors.o)
 .comment       0x0000000000000000       0x3a bsp/\libhal_bsp.a(alt_errno.o)
 .comment       0x0000000000000000       0x3a bsp/\libhal_bsp.a(alt_icache_flush_all.o)
 .comment       0x0000000000000000       0x3a bsp/\libhal_bsp.a(alt_io_redirect.o)
 .comment       0x0000000000000000       0x3a bsp/\libhal_bsp.a(alt_irq_register.o)
 .comment       0x0000000000000000       0x3a bsp/\libhal_bsp.a(alt_irq_vars.o)
 .comment       0x0000000000000000       0x3a bsp/\libhal_bsp.a(alt_open.o)
 .comment       0x0000000000000000       0x3a bsp/\libhal_bsp.a(alt_release_fd.o)
 .comment       0x0000000000000000       0x3a bsp/\libhal_bsp.a(alt_tick.o)
 .comment       0x0000000000000000       0x3a bsp/\libhal_bsp.a(altera_nios2_gen2_irq.o)
 .comment       0x0000000000000000       0x3a bsp/\libhal_bsp.a(alt_find_dev.o)
 .comment       0x0000000000000000       0x3a bsp/\libhal_bsp.a(alt_find_file.o)
 .comment       0x0000000000000000       0x3a bsp/\libhal_bsp.a(alt_get_fd.o)
 .comment       0x0000000000000000       0x3a bsp/\libhal_bsp.a(alt_irq_handler.o)
 .comment       0x0000000000000000       0x3a bsp/\libhal_bsp.a(alt_instruction_exception_entry.o)
 .comment       0x0000000000000000       0x3a e:/master_folder/programs/altera/nios2eds/bin/gnu/h-x86_64-mingw32/bin/../lib/gcc/nios2-elf/4.8.3/../../../../../H-x86_64-mingw32/nios2-elf/lib/mno-hw-mul\libc.a(lib_a-atexit.o)
 .comment       0x0000000000000000       0x3a e:/master_folder/programs/altera/nios2eds/bin/gnu/h-x86_64-mingw32/bin/../lib/gcc/nios2-elf/4.8.3/../../../../../H-x86_64-mingw32/nios2-elf/lib/mno-hw-mul\libc.a(lib_a-exit.o)
 .comment       0x0000000000000000       0x3a e:/master_folder/programs/altera/nios2eds/bin/gnu/h-x86_64-mingw32/bin/../lib/gcc/nios2-elf/4.8.3/../../../../../H-x86_64-mingw32/nios2-elf/lib/mno-hw-mul\libc.a(lib_a-impure.o)
 .comment       0x0000000000000000       0x3a e:/master_folder/programs/altera/nios2eds/bin/gnu/h-x86_64-mingw32/bin/../lib/gcc/nios2-elf/4.8.3/../../../../../H-x86_64-mingw32/nios2-elf/lib/mno-hw-mul\libc.a(lib_a-int_errno.o)
 .comment       0x0000000000000000       0x3a e:/master_folder/programs/altera/nios2eds/bin/gnu/h-x86_64-mingw32/bin/../lib/gcc/nios2-elf/4.8.3/../../../../../H-x86_64-mingw32/nios2-elf/lib/mno-hw-mul\libc.a(lib_a-memcmp.o)
 .comment       0x0000000000000000       0x3a e:/master_folder/programs/altera/nios2eds/bin/gnu/h-x86_64-mingw32/bin/../lib/gcc/nios2-elf/4.8.3/../../../../../H-x86_64-mingw32/nios2-elf/lib/mno-hw-mul\libc.a(lib_a-memcpy.o)
 .comment       0x0000000000000000       0x3a e:/master_folder/programs/altera/nios2eds/bin/gnu/h-x86_64-mingw32/bin/../lib/gcc/nios2-elf/4.8.3/../../../../../H-x86_64-mingw32/nios2-elf/lib/mno-hw-mul\libc.a(lib_a-strlen.o)
 .comment       0x0000000000000000       0x3a e:/master_folder/programs/altera/nios2eds/bin/gnu/h-x86_64-mingw32/bin/../lib/gcc/nios2-elf/4.8.3/../../../../../H-x86_64-mingw32/nios2-elf/lib/mno-hw-mul\libc.a(lib_a-__atexit.o)
 .comment       0x0000000000000000       0x3a e:/master_folder/programs/altera/nios2eds/bin/gnu/h-x86_64-mingw32/bin/../lib/gcc/nios2-elf/4.8.3/../../../../../H-x86_64-mingw32/nios2-elf/lib/mno-hw-mul\libc.a(lib_a-__call_atexit.o)
 .comment       0x0000000000000000       0x3a e:/master_folder/programs/altera/nios2eds/bin/gnu/h-x86_64-mingw32/bin/../lib/gcc/nios2-elf/4.8.3/mno-hw-mul\libgcc.a(lib2-mul.o)
 .comment       0x0000000000000000       0x3a bsp/\libhal_bsp.a(alt_exit.o)

.debug
 *(.debug)

.line
 *(.line)

.debug_srcinfo
 *(.debug_srcinfo)

.debug_sfnames
 *(.debug_sfnames)

.debug_aranges  0x0000000000000000      0x5b8
 *(.debug_aranges)
 .debug_aranges
                0x0000000000000000       0x28 bsp//obj/HAL/src/crt0.o
 .debug_aranges
                0x0000000000000028       0x20 obj/default/boot_code.o
 .debug_aranges
                0x0000000000000048       0x20 bsp/\libhal_bsp.a(alt_load.o)
 .debug_aranges
                0x0000000000000068       0x20 bsp/\libhal_bsp.a(alt_main.o)
 .debug_aranges
                0x0000000000000088       0x20 bsp/\libhal_bsp.a(alt_sys_init.o)
 .debug_aranges
                0x00000000000000a8       0x20 bsp/\libhal_bsp.a(altera_avalon_jtag_uart_fd.o)
 .debug_aranges
                0x00000000000000c8       0x20 bsp/\libhal_bsp.a(altera_avalon_jtag_uart_init.o)
 .debug_aranges
                0x00000000000000e8       0x20 bsp/\libhal_bsp.a(altera_avalon_jtag_uart_ioctl.o)
 .debug_aranges
                0x0000000000000108       0x20 bsp/\libhal_bsp.a(altera_avalon_jtag_uart_read.o)
 .debug_aranges
                0x0000000000000128       0x20 bsp/\libhal_bsp.a(altera_avalon_jtag_uart_write.o)
 .debug_aranges
                0x0000000000000148       0x20 bsp/\libhal_bsp.a(altera_avalon_timer_sc.o)
 .debug_aranges
                0x0000000000000168       0x20 bsp/\libhal_bsp.a(alt_alarm_start.o)
 .debug_aranges
                0x0000000000000188       0x20 bsp/\libhal_bsp.a(alt_close.o)
 .debug_aranges
                0x00000000000001a8       0x20 bsp/\libhal_bsp.a(alt_dcache_flush_all.o)
 .debug_aranges
                0x00000000000001c8       0x20 bsp/\libhal_bsp.a(alt_dev.o)
 .debug_aranges
                0x00000000000001e8       0x20 bsp/\libhal_bsp.a(alt_dev_llist_insert.o)
 .debug_aranges
                0x0000000000000208       0x20 bsp/\libhal_bsp.a(alt_do_ctors.o)
 .debug_aranges
                0x0000000000000228       0x20 bsp/\libhal_bsp.a(alt_do_dtors.o)
 .debug_aranges
                0x0000000000000248       0x18 bsp/\libhal_bsp.a(alt_errno.o)
 .debug_aranges
                0x0000000000000260       0x20 bsp/\libhal_bsp.a(alt_icache_flush_all.o)
 .debug_aranges
                0x0000000000000280       0x20 bsp/\libhal_bsp.a(alt_io_redirect.o)
 .debug_aranges
                0x00000000000002a0       0x20 bsp/\libhal_bsp.a(alt_irq_register.o)
 .debug_aranges
                0x00000000000002c0       0x18 bsp/\libhal_bsp.a(alt_irq_vars.o)
 .debug_aranges
                0x00000000000002d8       0x20 bsp/\libhal_bsp.a(alt_open.o)
 .debug_aranges
                0x00000000000002f8       0x20 bsp/\libhal_bsp.a(alt_release_fd.o)
 .debug_aranges
                0x0000000000000318       0x20 bsp/\libhal_bsp.a(alt_tick.o)
 .debug_aranges
                0x0000000000000338       0x20 bsp/\libhal_bsp.a(altera_nios2_gen2_irq.o)
 .debug_aranges
                0x0000000000000358       0x20 bsp/\libhal_bsp.a(alt_find_dev.o)
 .debug_aranges
                0x0000000000000378       0x20 bsp/\libhal_bsp.a(alt_find_file.o)
 .debug_aranges
                0x0000000000000398       0x20 bsp/\libhal_bsp.a(alt_get_fd.o)
 .debug_aranges
                0x00000000000003b8       0x30 bsp/\libhal_bsp.a(alt_irq_entry.o)
 .debug_aranges
                0x00000000000003e8       0x20 bsp/\libhal_bsp.a(alt_irq_handler.o)
 .debug_aranges
                0x0000000000000408       0x38 bsp/\libhal_bsp.a(alt_exception_entry.o)
 .debug_aranges
                0x0000000000000440       0x28 bsp/\libhal_bsp.a(alt_instruction_exception_entry.o)
 .debug_aranges
                0x0000000000000468       0x20 e:/master_folder/programs/altera/nios2eds/bin/gnu/h-x86_64-mingw32/bin/../lib/gcc/nios2-elf/4.8.3/../../../../../H-x86_64-mingw32/nios2-elf/lib/mno-hw-mul\libc.a(lib_a-atexit.o)
 .debug_aranges
                0x0000000000000488       0x20 e:/master_folder/programs/altera/nios2eds/bin/gnu/h-x86_64-mingw32/bin/../lib/gcc/nios2-elf/4.8.3/../../../../../H-x86_64-mingw32/nios2-elf/lib/mno-hw-mul\libc.a(lib_a-exit.o)
 .debug_aranges
                0x00000000000004a8       0x18 e:/master_folder/programs/altera/nios2eds/bin/gnu/h-x86_64-mingw32/bin/../lib/gcc/nios2-elf/4.8.3/../../../../../H-x86_64-mingw32/nios2-elf/lib/mno-hw-mul\libc.a(lib_a-impure.o)
 .debug_aranges
                0x00000000000004c0       0x18 e:/master_folder/programs/altera/nios2eds/bin/gnu/h-x86_64-mingw32/bin/../lib/gcc/nios2-elf/4.8.3/../../../../../H-x86_64-mingw32/nios2-elf/lib/mno-hw-mul\libc.a(lib_a-int_errno.o)
 .debug_aranges
                0x00000000000004d8       0x20 e:/master_folder/programs/altera/nios2eds/bin/gnu/h-x86_64-mingw32/bin/../lib/gcc/nios2-elf/4.8.3/../../../../../H-x86_64-mingw32/nios2-elf/lib/mno-hw-mul\libc.a(lib_a-memcmp.o)
 .debug_aranges
                0x00000000000004f8       0x20 e:/master_folder/programs/altera/nios2eds/bin/gnu/h-x86_64-mingw32/bin/../lib/gcc/nios2-elf/4.8.3/../../../../../H-x86_64-mingw32/nios2-elf/lib/mno-hw-mul\libc.a(lib_a-memcpy.o)
 .debug_aranges
                0x0000000000000518       0x20 e:/master_folder/programs/altera/nios2eds/bin/gnu/h-x86_64-mingw32/bin/../lib/gcc/nios2-elf/4.8.3/../../../../../H-x86_64-mingw32/nios2-elf/lib/mno-hw-mul\libc.a(lib_a-strlen.o)
 .debug_aranges
                0x0000000000000538       0x20 e:/master_folder/programs/altera/nios2eds/bin/gnu/h-x86_64-mingw32/bin/../lib/gcc/nios2-elf/4.8.3/../../../../../H-x86_64-mingw32/nios2-elf/lib/mno-hw-mul\libc.a(lib_a-__atexit.o)
 .debug_aranges
                0x0000000000000558       0x20 e:/master_folder/programs/altera/nios2eds/bin/gnu/h-x86_64-mingw32/bin/../lib/gcc/nios2-elf/4.8.3/../../../../../H-x86_64-mingw32/nios2-elf/lib/mno-hw-mul\libc.a(lib_a-__call_atexit.o)
 .debug_aranges
                0x0000000000000578       0x20 e:/master_folder/programs/altera/nios2eds/bin/gnu/h-x86_64-mingw32/bin/../lib/gcc/nios2-elf/4.8.3/mno-hw-mul\libgcc.a(lib2-mul.o)
 .debug_aranges
                0x0000000000000598       0x20 bsp/\libhal_bsp.a(alt_exit.o)

.debug_pubnames
 *(.debug_pubnames)

.debug_info     0x0000000000000000     0x75e8
 *(.debug_info .gnu.linkonce.wi.*)
 .debug_info    0x0000000000000000       0x48 bsp//obj/HAL/src/crt0.o
 .debug_info    0x0000000000000048       0xfd obj/default/boot_code.o
 .debug_info    0x0000000000000145      0x13e bsp/\libhal_bsp.a(alt_load.o)
 .debug_info    0x0000000000000283      0x150 bsp/\libhal_bsp.a(alt_main.o)
 .debug_info    0x00000000000003d3      0x58f bsp/\libhal_bsp.a(alt_sys_init.o)
 .debug_info    0x0000000000000962      0x527 bsp/\libhal_bsp.a(altera_avalon_jtag_uart_fd.o)
 .debug_info    0x0000000000000e89      0x3c4 bsp/\libhal_bsp.a(altera_avalon_jtag_uart_init.o)
 .debug_info    0x000000000000124d      0x279 bsp/\libhal_bsp.a(altera_avalon_jtag_uart_ioctl.o)
 .debug_info    0x00000000000014c6      0x358 bsp/\libhal_bsp.a(altera_avalon_jtag_uart_read.o)
 .debug_info    0x000000000000181e      0x34f bsp/\libhal_bsp.a(altera_avalon_jtag_uart_write.o)
 .debug_info    0x0000000000001b6d      0x242 bsp/\libhal_bsp.a(altera_avalon_timer_sc.o)
 .debug_info    0x0000000000001daf      0x2db bsp/\libhal_bsp.a(alt_alarm_start.o)
 .debug_info    0x000000000000208a      0x31a bsp/\libhal_bsp.a(alt_close.o)
 .debug_info    0x00000000000023a4       0x8b bsp/\libhal_bsp.a(alt_dcache_flush_all.o)
 .debug_info    0x000000000000242f      0x495 bsp/\libhal_bsp.a(alt_dev.o)
 .debug_info    0x00000000000028c4      0x1a2 bsp/\libhal_bsp.a(alt_dev_llist_insert.o)
 .debug_info    0x0000000000002a66       0x83 bsp/\libhal_bsp.a(alt_do_ctors.o)
 .debug_info    0x0000000000002ae9       0x83 bsp/\libhal_bsp.a(alt_do_dtors.o)
 .debug_info    0x0000000000002b6c       0x9f bsp/\libhal_bsp.a(alt_errno.o)
 .debug_info    0x0000000000002c0b       0x8b bsp/\libhal_bsp.a(alt_icache_flush_all.o)
 .debug_info    0x0000000000002c96      0x49e bsp/\libhal_bsp.a(alt_io_redirect.o)
 .debug_info    0x0000000000003134      0x322 bsp/\libhal_bsp.a(alt_irq_register.o)
 .debug_info    0x0000000000003456       0x88 bsp/\libhal_bsp.a(alt_irq_vars.o)
 .debug_info    0x00000000000034de      0x3b4 bsp/\libhal_bsp.a(alt_open.o)
 .debug_info    0x0000000000003892      0x2b0 bsp/\libhal_bsp.a(alt_release_fd.o)
 .debug_info    0x0000000000003b42      0x2a8 bsp/\libhal_bsp.a(alt_tick.o)
 .debug_info    0x0000000000003dea       0xb1 bsp/\libhal_bsp.a(altera_nios2_gen2_irq.o)
 .debug_info    0x0000000000003e9b      0x2e2 bsp/\libhal_bsp.a(alt_find_dev.o)
 .debug_info    0x000000000000417d      0x2df bsp/\libhal_bsp.a(alt_find_file.o)
 .debug_info    0x000000000000445c      0x309 bsp/\libhal_bsp.a(alt_get_fd.o)
 .debug_info    0x0000000000004765       0x51 bsp/\libhal_bsp.a(alt_irq_entry.o)
 .debug_info    0x00000000000047b6      0x1a0 bsp/\libhal_bsp.a(alt_irq_handler.o)
 .debug_info    0x0000000000004956       0x57 bsp/\libhal_bsp.a(alt_exception_entry.o)
 .debug_info    0x00000000000049ad      0x1d8 bsp/\libhal_bsp.a(alt_instruction_exception_entry.o)
 .debug_info    0x0000000000004b85      0x10a e:/master_folder/programs/altera/nios2eds/bin/gnu/h-x86_64-mingw32/bin/../lib/gcc/nios2-elf/4.8.3/../../../../../H-x86_64-mingw32/nios2-elf/lib/mno-hw-mul\libc.a(lib_a-atexit.o)
 .debug_info    0x0000000000004c8f      0x8df e:/master_folder/programs/altera/nios2eds/bin/gnu/h-x86_64-mingw32/bin/../lib/gcc/nios2-elf/4.8.3/../../../../../H-x86_64-mingw32/nios2-elf/lib/mno-hw-mul\libc.a(lib_a-exit.o)
 .debug_info    0x000000000000556e      0x88f e:/master_folder/programs/altera/nios2eds/bin/gnu/h-x86_64-mingw32/bin/../lib/gcc/nios2-elf/4.8.3/../../../../../H-x86_64-mingw32/nios2-elf/lib/mno-hw-mul\libc.a(lib_a-impure.o)
 .debug_info    0x0000000000005dfd       0x83 e:/master_folder/programs/altera/nios2eds/bin/gnu/h-x86_64-mingw32/bin/../lib/gcc/nios2-elf/4.8.3/../../../../../H-x86_64-mingw32/nios2-elf/lib/mno-hw-mul\libc.a(lib_a-int_errno.o)
 .debug_info    0x0000000000005e80      0x113 e:/master_folder/programs/altera/nios2eds/bin/gnu/h-x86_64-mingw32/bin/../lib/gcc/nios2-elf/4.8.3/../../../../../H-x86_64-mingw32/nios2-elf/lib/mno-hw-mul\libc.a(lib_a-memcmp.o)
 .debug_info    0x0000000000005f93      0x133 e:/master_folder/programs/altera/nios2eds/bin/gnu/h-x86_64-mingw32/bin/../lib/gcc/nios2-elf/4.8.3/../../../../../H-x86_64-mingw32/nios2-elf/lib/mno-hw-mul\libc.a(lib_a-memcpy.o)
 .debug_info    0x00000000000060c6       0xdb e:/master_folder/programs/altera/nios2eds/bin/gnu/h-x86_64-mingw32/bin/../lib/gcc/nios2-elf/4.8.3/../../../../../H-x86_64-mingw32/nios2-elf/lib/mno-hw-mul\libc.a(lib_a-strlen.o)
 .debug_info    0x00000000000061a1      0x93b e:/master_folder/programs/altera/nios2eds/bin/gnu/h-x86_64-mingw32/bin/../lib/gcc/nios2-elf/4.8.3/../../../../../H-x86_64-mingw32/nios2-elf/lib/mno-hw-mul\libc.a(lib_a-__atexit.o)
 .debug_info    0x0000000000006adc      0x949 e:/master_folder/programs/altera/nios2eds/bin/gnu/h-x86_64-mingw32/bin/../lib/gcc/nios2-elf/4.8.3/../../../../../H-x86_64-mingw32/nios2-elf/lib/mno-hw-mul\libc.a(lib_a-__call_atexit.o)
 .debug_info    0x0000000000007425       0xb4 e:/master_folder/programs/altera/nios2eds/bin/gnu/h-x86_64-mingw32/bin/../lib/gcc/nios2-elf/4.8.3/mno-hw-mul\libgcc.a(lib2-mul.o)
 .debug_info    0x00000000000074d9      0x10f bsp/\libhal_bsp.a(alt_exit.o)

.debug_abbrev   0x0000000000000000     0x29be
 *(.debug_abbrev)
 .debug_abbrev  0x0000000000000000       0x12 bsp//obj/HAL/src/crt0.o
 .debug_abbrev  0x0000000000000012       0xb9 obj/default/boot_code.o
 .debug_abbrev  0x00000000000000cb       0x9f bsp/\libhal_bsp.a(alt_load.o)
 .debug_abbrev  0x000000000000016a       0xc1 bsp/\libhal_bsp.a(alt_main.o)
 .debug_abbrev  0x000000000000022b      0x185 bsp/\libhal_bsp.a(alt_sys_init.o)
 .debug_abbrev  0x00000000000003b0      0x127 bsp/\libhal_bsp.a(altera_avalon_jtag_uart_fd.o)
 .debug_abbrev  0x00000000000004d7      0x197 bsp/\libhal_bsp.a(altera_avalon_jtag_uart_init.o)
 .debug_abbrev  0x000000000000066e      0x111 bsp/\libhal_bsp.a(altera_avalon_jtag_uart_ioctl.o)
 .debug_abbrev  0x000000000000077f      0x1ac bsp/\libhal_bsp.a(altera_avalon_jtag_uart_read.o)
 .debug_abbrev  0x000000000000092b      0x1a8 bsp/\libhal_bsp.a(altera_avalon_jtag_uart_write.o)
 .debug_abbrev  0x0000000000000ad3      0x155 bsp/\libhal_bsp.a(altera_avalon_timer_sc.o)
 .debug_abbrev  0x0000000000000c28      0x162 bsp/\libhal_bsp.a(alt_alarm_start.o)
 .debug_abbrev  0x0000000000000d8a      0x11f bsp/\libhal_bsp.a(alt_close.o)
 .debug_abbrev  0x0000000000000ea9       0x42 bsp/\libhal_bsp.a(alt_dcache_flush_all.o)
 .debug_abbrev  0x0000000000000eeb       0xd9 bsp/\libhal_bsp.a(alt_dev.o)
 .debug_abbrev  0x0000000000000fc4      0x114 bsp/\libhal_bsp.a(alt_dev_llist_insert.o)
 .debug_abbrev  0x00000000000010d8       0x79 bsp/\libhal_bsp.a(alt_do_ctors.o)
 .debug_abbrev  0x0000000000001151       0x79 bsp/\libhal_bsp.a(alt_do_dtors.o)
 .debug_abbrev  0x00000000000011ca       0x5a bsp/\libhal_bsp.a(alt_errno.o)
 .debug_abbrev  0x0000000000001224       0x42 bsp/\libhal_bsp.a(alt_icache_flush_all.o)
 .debug_abbrev  0x0000000000001266      0x114 bsp/\libhal_bsp.a(alt_io_redirect.o)
 .debug_abbrev  0x000000000000137a      0x186 bsp/\libhal_bsp.a(alt_irq_register.o)
 .debug_abbrev  0x0000000000001500       0x40 bsp/\libhal_bsp.a(alt_irq_vars.o)
 .debug_abbrev  0x0000000000001540      0x148 bsp/\libhal_bsp.a(alt_open.o)
 .debug_abbrev  0x0000000000001688       0xde bsp/\libhal_bsp.a(alt_release_fd.o)
 .debug_abbrev  0x0000000000001766      0x16b bsp/\libhal_bsp.a(alt_tick.o)
 .debug_abbrev  0x00000000000018d1       0x67 bsp/\libhal_bsp.a(altera_nios2_gen2_irq.o)
 .debug_abbrev  0x0000000000001938       0xf0 bsp/\libhal_bsp.a(alt_find_dev.o)
 .debug_abbrev  0x0000000000001a28       0xf0 bsp/\libhal_bsp.a(alt_find_file.o)
 .debug_abbrev  0x0000000000001b18      0x10d bsp/\libhal_bsp.a(alt_get_fd.o)
 .debug_abbrev  0x0000000000001c25       0x12 bsp/\libhal_bsp.a(alt_irq_entry.o)
 .debug_abbrev  0x0000000000001c37      0x13a bsp/\libhal_bsp.a(alt_irq_handler.o)
 .debug_abbrev  0x0000000000001d71       0x12 bsp/\libhal_bsp.a(alt_exception_entry.o)
 .debug_abbrev  0x0000000000001d83       0xd1 bsp/\libhal_bsp.a(alt_instruction_exception_entry.o)
 .debug_abbrev  0x0000000000001e54       0xb8 e:/master_folder/programs/altera/nios2eds/bin/gnu/h-x86_64-mingw32/bin/../lib/gcc/nios2-elf/4.8.3/../../../../../H-x86_64-mingw32/nios2-elf/lib/mno-hw-mul\libc.a(lib_a-atexit.o)
 .debug_abbrev  0x0000000000001f0c      0x1e6 e:/master_folder/programs/altera/nios2eds/bin/gnu/h-x86_64-mingw32/bin/../lib/gcc/nios2-elf/4.8.3/../../../../../H-x86_64-mingw32/nios2-elf/lib/mno-hw-mul\libc.a(lib_a-exit.o)
 .debug_abbrev  0x00000000000020f2      0x180 e:/master_folder/programs/altera/nios2eds/bin/gnu/h-x86_64-mingw32/bin/../lib/gcc/nios2-elf/4.8.3/../../../../../H-x86_64-mingw32/nios2-elf/lib/mno-hw-mul\libc.a(lib_a-impure.o)
 .debug_abbrev  0x0000000000002272       0x37 e:/master_folder/programs/altera/nios2eds/bin/gnu/h-x86_64-mingw32/bin/../lib/gcc/nios2-elf/4.8.3/../../../../../H-x86_64-mingw32/nios2-elf/lib/mno-hw-mul\libc.a(lib_a-int_errno.o)
 .debug_abbrev  0x00000000000022a9       0x7f e:/master_folder/programs/altera/nios2eds/bin/gnu/h-x86_64-mingw32/bin/../lib/gcc/nios2-elf/4.8.3/../../../../../H-x86_64-mingw32/nios2-elf/lib/mno-hw-mul\libc.a(lib_a-memcmp.o)
 .debug_abbrev  0x0000000000002328       0x9c e:/master_folder/programs/altera/nios2eds/bin/gnu/h-x86_64-mingw32/bin/../lib/gcc/nios2-elf/4.8.3/../../../../../H-x86_64-mingw32/nios2-elf/lib/mno-hw-mul\libc.a(lib_a-memcpy.o)
 .debug_abbrev  0x00000000000023c4       0x90 e:/master_folder/programs/altera/nios2eds/bin/gnu/h-x86_64-mingw32/bin/../lib/gcc/nios2-elf/4.8.3/../../../../../H-x86_64-mingw32/nios2-elf/lib/mno-hw-mul\libc.a(lib_a-strlen.o)
 .debug_abbrev  0x0000000000002454      0x21e e:/master_folder/programs/altera/nios2eds/bin/gnu/h-x86_64-mingw32/bin/../lib/gcc/nios2-elf/4.8.3/../../../../../H-x86_64-mingw32/nios2-elf/lib/mno-hw-mul\libc.a(lib_a-__atexit.o)
 .debug_abbrev  0x0000000000002672      0x210 e:/master_folder/programs/altera/nios2eds/bin/gnu/h-x86_64-mingw32/bin/../lib/gcc/nios2-elf/4.8.3/../../../../../H-x86_64-mingw32/nios2-elf/lib/mno-hw-mul\libc.a(lib_a-__call_atexit.o)
 .debug_abbrev  0x0000000000002882       0x6f e:/master_folder/programs/altera/nios2eds/bin/gnu/h-x86_64-mingw32/bin/../lib/gcc/nios2-elf/4.8.3/mno-hw-mul\libgcc.a(lib2-mul.o)
 .debug_abbrev  0x00000000000028f1       0xcd bsp/\libhal_bsp.a(alt_exit.o)

.debug_line     0x0000000000000000     0x2c90
 *(.debug_line)
 .debug_line    0x0000000000000000       0x66 bsp//obj/HAL/src/crt0.o
 .debug_line    0x0000000000000066       0x64 obj/default/boot_code.o
 .debug_line    0x00000000000000ca       0x91 bsp/\libhal_bsp.a(alt_load.o)
 .debug_line    0x000000000000015b       0xd1 bsp/\libhal_bsp.a(alt_main.o)
 .debug_line    0x000000000000022c      0x191 bsp/\libhal_bsp.a(alt_sys_init.o)
 .debug_line    0x00000000000003bd      0x12f bsp/\libhal_bsp.a(altera_avalon_jtag_uart_fd.o)
 .debug_line    0x00000000000004ec      0x19c bsp/\libhal_bsp.a(altera_avalon_jtag_uart_init.o)
 .debug_line    0x0000000000000688      0x12a bsp/\libhal_bsp.a(altera_avalon_jtag_uart_ioctl.o)
 .debug_line    0x00000000000007b2      0x181 bsp/\libhal_bsp.a(altera_avalon_jtag_uart_read.o)
 .debug_line    0x0000000000000933      0x181 bsp/\libhal_bsp.a(altera_avalon_jtag_uart_write.o)
 .debug_line    0x0000000000000ab4      0x113 bsp/\libhal_bsp.a(altera_avalon_timer_sc.o)
 .debug_line    0x0000000000000bc7      0x10e bsp/\libhal_bsp.a(alt_alarm_start.o)
 .debug_line    0x0000000000000cd5      0x16f bsp/\libhal_bsp.a(alt_close.o)
 .debug_line    0x0000000000000e44       0x51 bsp/\libhal_bsp.a(alt_dcache_flush_all.o)
 .debug_line    0x0000000000000e95      0x102 bsp/\libhal_bsp.a(alt_dev.o)
 .debug_line    0x0000000000000f97       0xd0 bsp/\libhal_bsp.a(alt_dev_llist_insert.o)
 .debug_line    0x0000000000001067       0x59 bsp/\libhal_bsp.a(alt_do_ctors.o)
 .debug_line    0x00000000000010c0       0x59 bsp/\libhal_bsp.a(alt_do_dtors.o)
 .debug_line    0x0000000000001119       0x51 bsp/\libhal_bsp.a(alt_errno.o)
 .debug_line    0x000000000000116a       0x4f bsp/\libhal_bsp.a(alt_icache_flush_all.o)
 .debug_line    0x00000000000011b9      0x13f bsp/\libhal_bsp.a(alt_io_redirect.o)
 .debug_line    0x00000000000012f8      0x159 bsp/\libhal_bsp.a(alt_irq_register.o)
 .debug_line    0x0000000000001451       0x50 bsp/\libhal_bsp.a(alt_irq_vars.o)
 .debug_line    0x00000000000014a1      0x128 bsp/\libhal_bsp.a(alt_open.o)
 .debug_line    0x00000000000015c9       0xb0 bsp/\libhal_bsp.a(alt_release_fd.o)
 .debug_line    0x0000000000001679      0x116 bsp/\libhal_bsp.a(alt_tick.o)
 .debug_line    0x000000000000178f       0x8d bsp/\libhal_bsp.a(altera_nios2_gen2_irq.o)
 .debug_line    0x000000000000181c       0xb9 bsp/\libhal_bsp.a(alt_find_dev.o)
 .debug_line    0x00000000000018d5       0xd5 bsp/\libhal_bsp.a(alt_find_file.o)
 .debug_line    0x00000000000019aa       0xd4 bsp/\libhal_bsp.a(alt_get_fd.o)
 .debug_line    0x0000000000001a7e       0x6b bsp/\libhal_bsp.a(alt_irq_entry.o)
 .debug_line    0x0000000000001ae9       0xd1 bsp/\libhal_bsp.a(alt_irq_handler.o)
 .debug_line    0x0000000000001bba       0xb3 bsp/\libhal_bsp.a(alt_exception_entry.o)
 .debug_line    0x0000000000001c6d       0xb9 bsp/\libhal_bsp.a(alt_instruction_exception_entry.o)
 .debug_line    0x0000000000001d26       0xf2 e:/master_folder/programs/altera/nios2eds/bin/gnu/h-x86_64-mingw32/bin/../lib/gcc/nios2-elf/4.8.3/../../../../../H-x86_64-mingw32/nios2-elf/lib/mno-hw-mul\libc.a(lib_a-atexit.o)
 .debug_line    0x0000000000001e18      0x218 e:/master_folder/programs/altera/nios2eds/bin/gnu/h-x86_64-mingw32/bin/../lib/gcc/nios2-elf/4.8.3/../../../../../H-x86_64-mingw32/nios2-elf/lib/mno-hw-mul\libc.a(lib_a-exit.o)
 .debug_line    0x0000000000002030      0x174 e:/master_folder/programs/altera/nios2eds/bin/gnu/h-x86_64-mingw32/bin/../lib/gcc/nios2-elf/4.8.3/../../../../../H-x86_64-mingw32/nios2-elf/lib/mno-hw-mul\libc.a(lib_a-impure.o)
 .debug_line    0x00000000000021a4       0x60 e:/master_folder/programs/altera/nios2eds/bin/gnu/h-x86_64-mingw32/bin/../lib/gcc/nios2-elf/4.8.3/../../../../../H-x86_64-mingw32/nios2-elf/lib/mno-hw-mul\libc.a(lib_a-int_errno.o)
 .debug_line    0x0000000000002204      0x18e e:/master_folder/programs/altera/nios2eds/bin/gnu/h-x86_64-mingw32/bin/../lib/gcc/nios2-elf/4.8.3/../../../../../H-x86_64-mingw32/nios2-elf/lib/mno-hw-mul\libc.a(lib_a-memcmp.o)
 .debug_line    0x0000000000002392      0x1a5 e:/master_folder/programs/altera/nios2eds/bin/gnu/h-x86_64-mingw32/bin/../lib/gcc/nios2-elf/4.8.3/../../../../../H-x86_64-mingw32/nios2-elf/lib/mno-hw-mul\libc.a(lib_a-memcpy.o)
 .debug_line    0x0000000000002537      0x18e e:/master_folder/programs/altera/nios2eds/bin/gnu/h-x86_64-mingw32/bin/../lib/gcc/nios2-elf/4.8.3/../../../../../H-x86_64-mingw32/nios2-elf/lib/mno-hw-mul\libc.a(lib_a-strlen.o)
 .debug_line    0x00000000000026c5      0x23d e:/master_folder/programs/altera/nios2eds/bin/gnu/h-x86_64-mingw32/bin/../lib/gcc/nios2-elf/4.8.3/../../../../../H-x86_64-mingw32/nios2-elf/lib/mno-hw-mul\libc.a(lib_a-__atexit.o)
 .debug_line    0x0000000000002902      0x260 e:/master_folder/programs/altera/nios2eds/bin/gnu/h-x86_64-mingw32/bin/../lib/gcc/nios2-elf/4.8.3/../../../../../H-x86_64-mingw32/nios2-elf/lib/mno-hw-mul\libc.a(lib_a-__call_atexit.o)
 .debug_line    0x0000000000002b62       0x81 e:/master_folder/programs/altera/nios2eds/bin/gnu/h-x86_64-mingw32/bin/../lib/gcc/nios2-elf/4.8.3/mno-hw-mul\libgcc.a(lib2-mul.o)
 .debug_line    0x0000000000002be3       0xad bsp/\libhal_bsp.a(alt_exit.o)

.debug_frame    0x0000000000000000      0xa74
 *(.debug_frame)
 .debug_frame   0x0000000000000000       0x50 obj/default/boot_code.o
 .debug_frame   0x0000000000000050       0x5c bsp/\libhal_bsp.a(alt_load.o)
 .debug_frame   0x00000000000000ac       0x2c bsp/\libhal_bsp.a(alt_main.o)
 .debug_frame   0x00000000000000d8       0x88 bsp/\libhal_bsp.a(alt_sys_init.o)
 .debug_frame   0x0000000000000160       0xb0 bsp/\libhal_bsp.a(altera_avalon_jtag_uart_fd.o)
 .debug_frame   0x0000000000000210       0xa4 bsp/\libhal_bsp.a(altera_avalon_jtag_uart_init.o)
 .debug_frame   0x00000000000002b4       0x34 bsp/\libhal_bsp.a(altera_avalon_jtag_uart_ioctl.o)
 .debug_frame   0x00000000000002e8       0x38 bsp/\libhal_bsp.a(altera_avalon_jtag_uart_read.o)
 .debug_frame   0x0000000000000320       0x38 bsp/\libhal_bsp.a(altera_avalon_jtag_uart_write.o)
 .debug_frame   0x0000000000000358       0x60 bsp/\libhal_bsp.a(altera_avalon_timer_sc.o)
 .debug_frame   0x00000000000003b8       0x34 bsp/\libhal_bsp.a(alt_alarm_start.o)
 .debug_frame   0x00000000000003ec       0x60 bsp/\libhal_bsp.a(alt_close.o)
 .debug_frame   0x000000000000044c       0x34 bsp/\libhal_bsp.a(alt_dcache_flush_all.o)
 .debug_frame   0x0000000000000480       0x34 bsp/\libhal_bsp.a(alt_dev.o)
 .debug_frame   0x00000000000004b4       0x60 bsp/\libhal_bsp.a(alt_dev_llist_insert.o)
 .debug_frame   0x0000000000000514       0x38 bsp/\libhal_bsp.a(alt_do_ctors.o)
 .debug_frame   0x000000000000054c       0x38 bsp/\libhal_bsp.a(alt_do_dtors.o)
 .debug_frame   0x0000000000000584       0x34 bsp/\libhal_bsp.a(alt_icache_flush_all.o)
 .debug_frame   0x00000000000005b8       0x64 bsp/\libhal_bsp.a(alt_io_redirect.o)
 .debug_frame   0x000000000000061c       0x34 bsp/\libhal_bsp.a(alt_irq_register.o)
 .debug_frame   0x0000000000000650       0x8c bsp/\libhal_bsp.a(alt_open.o)
 .debug_frame   0x00000000000006dc       0x3c bsp/\libhal_bsp.a(alt_release_fd.o)
 .debug_frame   0x0000000000000718       0x5c bsp/\libhal_bsp.a(alt_tick.o)
 .debug_frame   0x0000000000000774       0x34 bsp/\libhal_bsp.a(altera_nios2_gen2_irq.o)
 .debug_frame   0x00000000000007a8       0x38 bsp/\libhal_bsp.a(alt_find_dev.o)
 .debug_frame   0x00000000000007e0       0x38 bsp/\libhal_bsp.a(alt_find_file.o)
 .debug_frame   0x0000000000000818       0x3c bsp/\libhal_bsp.a(alt_get_fd.o)
 .debug_frame   0x0000000000000854       0x38 bsp/\libhal_bsp.a(alt_irq_handler.o)
 .debug_frame   0x000000000000088c       0x5c bsp/\libhal_bsp.a(alt_instruction_exception_entry.o)
 .debug_frame   0x00000000000008e8       0x20 e:/master_folder/programs/altera/nios2eds/bin/gnu/h-x86_64-mingw32/bin/../lib/gcc/nios2-elf/4.8.3/../../../../../H-x86_64-mingw32/nios2-elf/lib/mno-hw-mul\libc.a(lib_a-atexit.o)
 .debug_frame   0x0000000000000908       0x28 e:/master_folder/programs/altera/nios2eds/bin/gnu/h-x86_64-mingw32/bin/../lib/gcc/nios2-elf/4.8.3/../../../../../H-x86_64-mingw32/nios2-elf/lib/mno-hw-mul\libc.a(lib_a-exit.o)
 .debug_frame   0x0000000000000930       0x20 e:/master_folder/programs/altera/nios2eds/bin/gnu/h-x86_64-mingw32/bin/../lib/gcc/nios2-elf/4.8.3/../../../../../H-x86_64-mingw32/nios2-elf/lib/mno-hw-mul\libc.a(lib_a-memcmp.o)
 .debug_frame   0x0000000000000950       0x20 e:/master_folder/programs/altera/nios2eds/bin/gnu/h-x86_64-mingw32/bin/../lib/gcc/nios2-elf/4.8.3/../../../../../H-x86_64-mingw32/nios2-elf/lib/mno-hw-mul\libc.a(lib_a-memcpy.o)
 .debug_frame   0x0000000000000970       0x20 e:/master_folder/programs/altera/nios2eds/bin/gnu/h-x86_64-mingw32/bin/../lib/gcc/nios2-elf/4.8.3/../../../../../H-x86_64-mingw32/nios2-elf/lib/mno-hw-mul\libc.a(lib_a-strlen.o)
 .debug_frame   0x0000000000000990       0x44 e:/master_folder/programs/altera/nios2eds/bin/gnu/h-x86_64-mingw32/bin/../lib/gcc/nios2-elf/4.8.3/../../../../../H-x86_64-mingw32/nios2-elf/lib/mno-hw-mul\libc.a(lib_a-__atexit.o)
 .debug_frame   0x00000000000009d4       0x54 e:/master_folder/programs/altera/nios2eds/bin/gnu/h-x86_64-mingw32/bin/../lib/gcc/nios2-elf/4.8.3/../../../../../H-x86_64-mingw32/nios2-elf/lib/mno-hw-mul\libc.a(lib_a-__call_atexit.o)
 .debug_frame   0x0000000000000a28       0x20 e:/master_folder/programs/altera/nios2eds/bin/gnu/h-x86_64-mingw32/bin/../lib/gcc/nios2-elf/4.8.3/mno-hw-mul\libgcc.a(lib2-mul.o)
 .debug_frame   0x0000000000000a48       0x2c bsp/\libhal_bsp.a(alt_exit.o)

.debug_str      0x0000000000000000     0x1c18
 *(.debug_str)
 .debug_str     0x0000000000000000       0xc8 obj/default/boot_code.o
                                         0xcd (size before relaxing)
 .debug_str     0x00000000000000c8      0x15e bsp/\libhal_bsp.a(alt_load.o)
                                        0x1fb (size before relaxing)
 .debug_str     0x0000000000000226       0x91 bsp/\libhal_bsp.a(alt_main.o)
                                        0x1af (size before relaxing)
 .debug_str     0x00000000000002b7      0x250 bsp/\libhal_bsp.a(alt_sys_init.o)
                                        0x410 (size before relaxing)
 .debug_str     0x0000000000000507       0xb9 bsp/\libhal_bsp.a(altera_avalon_jtag_uart_fd.o)
                                        0x38d (size before relaxing)
 .debug_str     0x00000000000005c0       0xd1 bsp/\libhal_bsp.a(altera_avalon_jtag_uart_init.o)
                                        0x342 (size before relaxing)
 .debug_str     0x0000000000000691       0x4a bsp/\libhal_bsp.a(altera_avalon_jtag_uart_ioctl.o)
                                        0x27c (size before relaxing)
 .debug_str     0x00000000000006db       0x7f bsp/\libhal_bsp.a(altera_avalon_jtag_uart_read.o)
                                        0x2f2 (size before relaxing)
 .debug_str     0x000000000000075a       0x4a bsp/\libhal_bsp.a(altera_avalon_jtag_uart_write.o)
                                        0x2f3 (size before relaxing)
 .debug_str     0x00000000000007a4       0x6d bsp/\libhal_bsp.a(altera_avalon_timer_sc.o)
                                        0x255 (size before relaxing)
 .debug_str     0x0000000000000811       0x59 bsp/\libhal_bsp.a(alt_alarm_start.o)
                                        0x288 (size before relaxing)
 .debug_str     0x000000000000086a       0x44 bsp/\libhal_bsp.a(alt_close.o)
                                        0x1f4 (size before relaxing)
 .debug_str     0x00000000000008ae       0x34 bsp/\libhal_bsp.a(alt_dcache_flush_all.o)
                                        0x13e (size before relaxing)
 .debug_str     0x00000000000008e2      0x120 bsp/\libhal_bsp.a(alt_dev.o)
                                        0x2ee (size before relaxing)
 .debug_str     0x0000000000000a02       0x34 bsp/\libhal_bsp.a(alt_dev_llist_insert.o)
                                        0x1b5 (size before relaxing)
 .debug_str     0x0000000000000a36       0x48 bsp/\libhal_bsp.a(alt_do_ctors.o)
                                         0xc5 (size before relaxing)
 .debug_str     0x0000000000000a7e       0x4c bsp/\libhal_bsp.a(alt_do_dtors.o)
                                         0xc4 (size before relaxing)
 .debug_str     0x0000000000000aca       0x14 bsp/\libhal_bsp.a(alt_errno.o)
                                        0x12e (size before relaxing)
 .debug_str     0x0000000000000ade       0x34 bsp/\libhal_bsp.a(alt_icache_flush_all.o)
                                        0x13e (size before relaxing)
 .debug_str     0x0000000000000b12       0x56 bsp/\libhal_bsp.a(alt_io_redirect.o)
                                        0x2ff (size before relaxing)
 .debug_str     0x0000000000000b68       0x77 bsp/\libhal_bsp.a(alt_irq_register.o)
                                        0x1f1 (size before relaxing)
 .debug_str     0x0000000000000bdf       0x17 bsp/\libhal_bsp.a(alt_irq_vars.o)
                                        0x12f (size before relaxing)
 .debug_str     0x0000000000000bf6       0x2f bsp/\libhal_bsp.a(alt_open.o)
                                        0x234 (size before relaxing)
 .debug_str     0x0000000000000c25       0x28 bsp/\libhal_bsp.a(alt_release_fd.o)
                                        0x1c8 (size before relaxing)
 .debug_str     0x0000000000000c4d       0x4a bsp/\libhal_bsp.a(alt_tick.o)
                                        0x25c (size before relaxing)
 .debug_str     0x0000000000000c97       0x3b bsp/\libhal_bsp.a(altera_nios2_gen2_irq.o)
                                        0x16e (size before relaxing)
 .debug_str     0x0000000000000cd2       0x24 bsp/\libhal_bsp.a(alt_find_dev.o)
                                        0x1d5 (size before relaxing)
 .debug_str     0x0000000000000cf6       0x26 bsp/\libhal_bsp.a(alt_find_file.o)
                                        0x1e3 (size before relaxing)
 .debug_str     0x0000000000000d1c       0x30 bsp/\libhal_bsp.a(alt_get_fd.o)
                                        0x205 (size before relaxing)
 .debug_str     0x0000000000000d4c       0x3a bsp/\libhal_bsp.a(alt_irq_handler.o)
                                        0x1a1 (size before relaxing)
 .debug_str     0x0000000000000d86      0x48b bsp/\libhal_bsp.a(alt_instruction_exception_entry.o)
                                        0x588 (size before relaxing)
 .debug_str     0x0000000000001211      0x16b e:/master_folder/programs/altera/nios2eds/bin/gnu/h-x86_64-mingw32/bin/../lib/gcc/nios2-elf/4.8.3/../../../../../H-x86_64-mingw32/nios2-elf/lib/mno-hw-mul\libc.a(lib_a-atexit.o)
                                        0x204 (size before relaxing)
 .debug_str     0x000000000000137c      0x3b0 e:/master_folder/programs/altera/nios2eds/bin/gnu/h-x86_64-mingw32/bin/../lib/gcc/nios2-elf/4.8.3/../../../../../H-x86_64-mingw32/nios2-elf/lib/mno-hw-mul\libc.a(lib_a-exit.o)
                                        0x59a (size before relaxing)
 .debug_str     0x000000000000172c       0xe0 e:/master_folder/programs/altera/nios2eds/bin/gnu/h-x86_64-mingw32/bin/../lib/gcc/nios2-elf/4.8.3/../../../../../H-x86_64-mingw32/nios2-elf/lib/mno-hw-mul\libc.a(lib_a-impure.o)
                                        0x591 (size before relaxing)
 .debug_str     0x000000000000180c       0x40 e:/master_folder/programs/altera/nios2eds/bin/gnu/h-x86_64-mingw32/bin/../lib/gcc/nios2-elf/4.8.3/../../../../../H-x86_64-mingw32/nios2-elf/lib/mno-hw-mul\libc.a(lib_a-int_errno.o)
                                        0x1c0 (size before relaxing)
 .debug_str     0x000000000000184c       0xe4 e:/master_folder/programs/altera/nios2eds/bin/gnu/h-x86_64-mingw32/bin/../lib/gcc/nios2-elf/4.8.3/../../../../../H-x86_64-mingw32/nios2-elf/lib/mno-hw-mul\libc.a(lib_a-memcmp.o)
                                        0x1c7 (size before relaxing)
 .debug_str     0x0000000000001930       0x6c e:/master_folder/programs/altera/nios2eds/bin/gnu/h-x86_64-mingw32/bin/../lib/gcc/nios2-elf/4.8.3/../../../../../H-x86_64-mingw32/nios2-elf/lib/mno-hw-mul\libc.a(lib_a-memcpy.o)
                                        0x1ee (size before relaxing)
 .debug_str     0x000000000000199c       0x52 e:/master_folder/programs/altera/nios2eds/bin/gnu/h-x86_64-mingw32/bin/../lib/gcc/nios2-elf/4.8.3/../../../../../H-x86_64-mingw32/nios2-elf/lib/mno-hw-mul\libc.a(lib_a-strlen.o)
                                        0x1da (size before relaxing)
 .debug_str     0x00000000000019ee       0x4e e:/master_folder/programs/altera/nios2eds/bin/gnu/h-x86_64-mingw32/bin/../lib/gcc/nios2-elf/4.8.3/../../../../../H-x86_64-mingw32/nios2-elf/lib/mno-hw-mul\libc.a(lib_a-__atexit.o)
                                        0x5e7 (size before relaxing)
 .debug_str     0x0000000000001a3c       0x58 e:/master_folder/programs/altera/nios2eds/bin/gnu/h-x86_64-mingw32/bin/../lib/gcc/nios2-elf/4.8.3/../../../../../H-x86_64-mingw32/nios2-elf/lib/mno-hw-mul\libc.a(lib_a-__call_atexit.o)
                                        0x5b0 (size before relaxing)
 .debug_str     0x0000000000001a94      0x15a e:/master_folder/programs/altera/nios2eds/bin/gnu/h-x86_64-mingw32/bin/../lib/gcc/nios2-elf/4.8.3/mno-hw-mul\libgcc.a(lib2-mul.o)
                                        0x1a5 (size before relaxing)
 .debug_str     0x0000000000001bee       0x2a bsp/\libhal_bsp.a(alt_exit.o)
                                        0x163 (size before relaxing)

.debug_loc      0x0000000000000000      0x8d3
 *(.debug_loc)
 .debug_loc     0x0000000000000000       0x2c e:/master_folder/programs/altera/nios2eds/bin/gnu/h-x86_64-mingw32/bin/../lib/gcc/nios2-elf/4.8.3/../../../../../H-x86_64-mingw32/nios2-elf/lib/mno-hw-mul\libc.a(lib_a-atexit.o)
 .debug_loc     0x000000000000002c       0x1e e:/master_folder/programs/altera/nios2eds/bin/gnu/h-x86_64-mingw32/bin/../lib/gcc/nios2-elf/4.8.3/../../../../../H-x86_64-mingw32/nios2-elf/lib/mno-hw-mul\libc.a(lib_a-exit.o)
 .debug_loc     0x000000000000004a      0x126 e:/master_folder/programs/altera/nios2eds/bin/gnu/h-x86_64-mingw32/bin/../lib/gcc/nios2-elf/4.8.3/../../../../../H-x86_64-mingw32/nios2-elf/lib/mno-hw-mul\libc.a(lib_a-memcmp.o)
 .debug_loc     0x0000000000000170      0x33d e:/master_folder/programs/altera/nios2eds/bin/gnu/h-x86_64-mingw32/bin/../lib/gcc/nios2-elf/4.8.3/../../../../../H-x86_64-mingw32/nios2-elf/lib/mno-hw-mul\libc.a(lib_a-memcpy.o)
 .debug_loc     0x00000000000004ad       0x47 e:/master_folder/programs/altera/nios2eds/bin/gnu/h-x86_64-mingw32/bin/../lib/gcc/nios2-elf/4.8.3/../../../../../H-x86_64-mingw32/nios2-elf/lib/mno-hw-mul\libc.a(lib_a-strlen.o)
 .debug_loc     0x00000000000004f4      0x174 e:/master_folder/programs/altera/nios2eds/bin/gnu/h-x86_64-mingw32/bin/../lib/gcc/nios2-elf/4.8.3/../../../../../H-x86_64-mingw32/nios2-elf/lib/mno-hw-mul\libc.a(lib_a-__atexit.o)
 .debug_loc     0x0000000000000668      0x1d8 e:/master_folder/programs/altera/nios2eds/bin/gnu/h-x86_64-mingw32/bin/../lib/gcc/nios2-elf/4.8.3/../../../../../H-x86_64-mingw32/nios2-elf/lib/mno-hw-mul\libc.a(lib_a-__call_atexit.o)
 .debug_loc     0x0000000000000840       0x93 e:/master_folder/programs/altera/nios2eds/bin/gnu/h-x86_64-mingw32/bin/../lib/gcc/nios2-elf/4.8.3/mno-hw-mul\libgcc.a(lib2-mul.o)

.debug_macinfo
 *(.debug_macinfo)

.debug_weaknames
 *(.debug_weaknames)

.debug_funcnames
 *(.debug_funcnames)

.debug_typenames
 *(.debug_typenames)

.debug_varnames
 *(.debug_varnames)

.debug_alt_sim_info
                0x0000000000000000       0x10
 *(.debug_alt_sim_info)
 .debug_alt_sim_info
                0x0000000000000000       0x10 bsp//obj/HAL/src/crt0.o
                0x0000000002000000                __alt_data_end = 0x2000000
                0x0000000002000000                PROVIDE (__alt_stack_pointer, __alt_data_end)
                0x000000000000577c                PROVIDE (__alt_stack_limit, __alt_stack_base)
                0x000000000000577c                PROVIDE (__alt_heap_start, end)
                0x0000000002000000                PROVIDE (__alt_heap_limit, 0x2000000)
OUTPUT(boot_code.elf elf32-littlenios2)

.debug_ranges   0x0000000000000000       0xb8
 .debug_ranges  0x0000000000000000       0x20 bsp//obj/HAL/src/crt0.o
 .debug_ranges  0x0000000000000020       0x28 bsp/\libhal_bsp.a(alt_irq_entry.o)
 .debug_ranges  0x0000000000000048       0x10 bsp/\libhal_bsp.a(alt_irq_handler.o)
 .debug_ranges  0x0000000000000058       0x30 bsp/\libhal_bsp.a(alt_exception_entry.o)
 .debug_ranges  0x0000000000000088       0x18 bsp/\libhal_bsp.a(alt_instruction_exception_entry.o)
 .debug_ranges  0x00000000000000a0       0x18 e:/master_folder/programs/altera/nios2eds/bin/gnu/h-x86_64-mingw32/bin/../lib/gcc/nios2-elf/4.8.3/../../../../../H-x86_64-mingw32/nios2-elf/lib/mno-hw-mul\libc.a(lib_a-__call_atexit.o)
